Microchip MPLAB XC8 Compiler V3.00

Linker command line:

-W-3 \
  --edf=C:\Program Files\Microchip\xc8\v3.00\pic\dat\20241204225717_en.msgs \
  -cn -h+dist/default/production\OBDII_PIC18F46k22.X.production.sym \
  --cmf=dist/default/production\OBDII_PIC18F46k22.X.production.cmf -z \
  -Q18F46K22 \
  -oC:\Users\LUCALA~1\AppData\Local\Temp\xcAs18bo.\driver_tmp_3.o \
  --defsym=__MPLAB_BUILD=1 --fixupoverflow=error \
  -Mdist/default/production/OBDII_PIC18F46k22.X.production.map \
  --md=C:\Users\LUCALA~1\AppData\Local\Temp\xcAs18bo.\driver_tmp_0.dat -E1 \
  -ver=XC8 Compiler -ACODE=00h-0FFFFh -ACONST=00h-0FFFFh \
  -ASMALLCONST=01000h-010FFhx240 -AMEDIUMCONST=01000h-0FFFFh \
  -ACOMRAM=01h-05Fh -AABS1=00h-0F37h -ABIGRAM=01h-0F37h \
  -ARAM=060h-0FFh,0100h-01FFhx14,0F00h-0F37h -ABANK0=060h-0FFh \
  -ABANK1=0100h-01FFh -ABANK2=0200h-02FFh -ABANK3=0300h-03FFh \
  -ABANK4=0400h-04FFh -ABANK5=0500h-05FFh -ABANK6=0600h-06FFh \
  -ABANK7=0700h-07FFh -ABANK8=0800h-08FFh -ABANK9=0900h-09FFh \
  -ABANK10=0A00h-0AFFh -ABANK11=0B00h-0BFFh -ABANK12=0C00h-0CFFh \
  -ABANK13=0D00h-0DFFh -ABANK14=0E00h-0EFFh -ABANK15=0F00h-0F37h \
  -ASFR=0F38h-0F5Fh,0F60h-0FFFh -ABIGSFR=0F38h-0FFFh \
  -ACONFIG=0300000h-030000Dh -AIDLOC=0200000h-0200007h \
  -AEEDATA=0F00000h-0F003FFh -peeprom_data=EEDATA \
  -preset_vec=00h,intcode=8h,intcodelo=18h,sivt_lo,sivt_hi=CODE \
  -ppowerup=CODE,init -pramtop=01000h -psmallconst=SMALLCONST \
  -pmediumconst=MEDIUMCONST -pconst=CONST -AFARRAM=00h-00h \
  -prdata=COMRAM,nvrram=COMRAM,nvbit=COMRAM,rbss=COMRAM,rbit=COMRAM \
  -pfarbss=FARRAM,fardata=FARRAM,nvFARRAM=FARRAM \
  -pintsave_regs=BIGRAM,bigbss=BIGRAM,bigdata=BIGRAM -pbss=RAM \
  -pidata=CODE,irdata=CODE,ibigdata=CODE,ifardata=CODE -prparam=COMRAM \
  C:\Users\LUCALA~1\AppData\Local\Temp\xcAs18bo.\driver_tmp_14.o \
  dist/default/production\OBDII_PIC18F46k22.X.production.o 

Object code version is 3.11

Machine type is 18F46K22



                Name                               Link     Load   Length Selector   Space Scale
C:\Users\LUCALA~1\AppData\Local\Temp\xcAs18bo.\driver_tmp_14.o
                config                           300000   300000        E        0       4
                init                                 D2       D2        4        4       0
                reset_vec                             0        0        4        0       0
dist/default/production\OBDII_PIC18F46k22.X.production.o
                intcode                               8        8       CA        4       0
                config                           300000   300000        E        0       4
                temp                                 53       53        1        1       1
                mediumconst                        FEFE     FEFE      102     7F7F       0
                text42                             1904     1904        C        4       0
                text41                             18F8     18F8        C        4       0
                text40                              E0E      E0E       FC        4       0
                text39                             1864     1864       1C        4       0
                text38                             130A     130A       7C        4       0
                text37                             17F0     17F0       2C        4       0
                text36                             18E8     18E8       10        4       0
                text35                             1842     1842       22        4       0
                text34                             18B0     18B0       16        4       0
                text33                             1606     1606       56        4       0
                text32                             15A6     15A6       60        4       0
                text31                              D12      D12       FC        4       0
                text30                             1386     1386       7A        4       0
                text29                             1898     1898       18        4       0
                text28                             17C2     17C2       2E        4       0
                text27                             1880     1880       18        4       0
                text26                             178C     178C       36        4       0
                text25                              30E      30E      1EA        4       0
                text24                             1202     1202       8A        4       0
                text23                             1178     1178       8A        4       0
                text22                             1756     1756       36        4       0
                text21                             128C     128C       7E        4       0
                text20                             1400     1400       74        4       0
                text19                             1542     1542       64        4       0
                text18                             1914     1914        2        4       0
                text17                             10CE     10CE       AA        4       0
                text16                              6B0      6B0      186        4       0
                text15                             16A2     16A2       42        4       0
                text14                             171E     171E       38        4       0
                text13                              AF2      AF2      116        4       0
                text12                              9AA      9AA      148        4       0
                text11                             16E4     16E4       3A        4       0
                text10                              FF4      FF4       DA        4       0
                text9                              181C     181C       26        4       0
                text8                                D6       D6      238        4       0
                text7                               C08      C08      10A        4       0
                text6                               F0A      F0A       EA        4       0
                text5                              1474     1474       6A        4       0
                text4                               836      836      174        4       0
                text3                              18C6     18C6       12        4       0
                text2                              18D8     18D8       10        4       0
                text1                               4F8      4F8      1B8        4       0
                text0                              14DE     14DE       64        4       0
                cstackCOMRAM                          1        1       36        1       1
                bssBANK0                             60       60       60       60       1
                dataCOMRAM                           4F       4F        4        1       1
                bssCOMRAM                            37       37       18        1       1
                cinit                              165C     165C       46        4       0
                idataCOMRAM                        1910     1910        4        4       0

TOTAL           Name                               Link     Load   Length     Space
        CLASS   CODE           
                intcode                               8        8       CA         0
                init                                 D2       D2        4         0
                reset_vec                             0        0        4         0
                text42                             1904     1904        C         0
                text41                             18F8     18F8        C         0
                text40                              E0E      E0E       FC         0
                text39                             1864     1864       1C         0
                text38                             130A     130A       7C         0
                text37                             17F0     17F0       2C         0
                text36                             18E8     18E8       10         0
                text35                             1842     1842       22         0
                text34                             18B0     18B0       16         0
                text33                             1606     1606       56         0
                text32                             15A6     15A6       60         0
                text31                              D12      D12       FC         0
                text30                             1386     1386       7A         0
                text29                             1898     1898       18         0
                text28                             17C2     17C2       2E         0
                text27                             1880     1880       18         0
                text26                             178C     178C       36         0
                text25                              30E      30E      1EA         0
                text24                             1202     1202       8A         0
                text23                             1178     1178       8A         0
                text22                             1756     1756       36         0
                text21                             128C     128C       7E         0
                text20                             1400     1400       74         0
                text19                             1542     1542       64         0
                text18                             1914     1914        2         0
                text17                             10CE     10CE       AA         0
                text16                              6B0      6B0      186         0
                text15                             16A2     16A2       42         0
                text14                             171E     171E       38         0
                text13                              AF2      AF2      116         0
                text12                              9AA      9AA      148         0
                text11                             16E4     16E4       3A         0
                text10                              FF4      FF4       DA         0
                text9                              181C     181C       26         0
                text8                                D6       D6      238         0
                text7                               C08      C08      10A         0
                text6                               F0A      F0A       EA         0
                text5                              1474     1474       6A         0
                text4                               836      836      174         0
                text3                              18C6     18C6       12         0
                text2                              18D8     18D8       10         0
                text1                               4F8      4F8      1B8         0
                text0                              14DE     14DE       64         0
                cinit                              165C     165C       46         0
                idataCOMRAM                        1910     1910        4         0

        CLASS   CONST          

        CLASS   SMALLCONST     

        CLASS   MEDIUMCONST    
                mediumconst                        FEFE     FEFE      102         0

        CLASS   COMRAM         
                temp                                 53       53        1         1
                cstackCOMRAM                          1        1       36         1
                dataCOMRAM                           4F       4F        4         1
                bssCOMRAM                            37       37       18         1

        CLASS   ABS1           

        CLASS   BIGRAM         

        CLASS   RAM            

        CLASS   BANK0          
                bssBANK0                             60       60       60         1

        CLASS   BANK1          

        CLASS   BANK2          

        CLASS   BANK3          

        CLASS   BANK4          

        CLASS   BANK5          

        CLASS   BANK6          

        CLASS   BANK7          

        CLASS   BANK8          

        CLASS   BANK9          

        CLASS   BANK10         

        CLASS   BANK11         

        CLASS   BANK12         

        CLASS   BANK13         

        CLASS   BANK14         

        CLASS   BANK15         

        CLASS   SFR            

        CLASS   BIGSFR         

        CLASS   CONFIG         
                config                           300000   300000        E         4

        CLASS   IDLOC          

        CLASS   EEDATA         

        CLASS   FARRAM         

        CLASS   HEAP           

        CLASS   STACK          



SEGMENTS        Name                           Load    Length   Top    Selector   Space  Class

                reset_vec                      000000  000004  000004         0       0  CODE    
                cstackCOMRAM                   000001  000053  000054         1       1  COMRAM  
                intcode                        000008  00190E  001916         4       0  CODE    
                bssBANK0                       000060  000060  0000C0        60       1  BANK0   
                mediumconst                    00FEFE  000102  010000      7F7F       0  MEDIUMCO


UNUSED ADDRESS RANGES

        Name                Unused          Largest block    Delta
        BANK0            0000C0-0000FF               40
        BANK1            000100-0001FF              100
        BANK10           000A00-000AFF              100
        BANK11           000B00-000BFF              100
        BANK12           000C00-000CFF              100
        BANK13           000D00-000DFF              100
        BANK14           000E00-000EFF              100
        BANK15           000F00-000F37               38
        BANK2            000200-0002FF              100
        BANK3            000300-0003FF              100
        BANK4            000400-0004FF              100
        BANK5            000500-0005FF              100
        BANK6            000600-0006FF              100
        BANK7            000700-0007FF              100
        BANK8            000800-0008FF              100
        BANK9            000900-0009FF              100
        BIGRAM           000054-00005F                C
                         0000C0-000F37              E78
        BIGSFR           000F38-000FFF               C8
        CODE             000004-000007                4
                         001916-00FEFD             E5E8
        COMRAM           000054-00005F                C
        CONST            000004-000007                4
                         001916-00FEFD             E5E8
        EEDATA           F00000-F003FF              400
        IDLOC            200000-200007                8
        MEDIUMCONST      001916-00FEFD             E5E8
        RAM              0000C0-000F37              100
        SFR              000F38-000FFF               28
        SMALLCONST       001916-00FEFD              100

                                  Symbol Table

?___aldiv                           cstackCOMRAM 000003
?___almod                           cstackCOMRAM 000003
?___lmul                            cstackCOMRAM 000003
?___lwdiv                           cstackCOMRAM 000003
?___lwmod                           cstackCOMRAM 000003
?_readADC                           cstackCOMRAM 000003
?_sprintf                           cstackCOMRAM 00001D
?_vfprintf                          cstackCOMRAM 000017
LCD_configure_cursor_blink@state    cstackCOMRAM 000006
LCD_cursor_set@column               cstackCOMRAM 000006
LCD_cursor_set@row                  cstackCOMRAM 000007
LCD_write_command@command           cstackCOMRAM 000005
LCD_write_data@data                 cstackCOMRAM 000005
LCD_write_string@i                  cstackCOMRAM 00000A
LCD_write_string@string             cstackCOMRAM 000006
LCD_write_variable@digits           cstackCOMRAM 000017
LCD_write_variable@i                cstackCOMRAM 000016
LCD_write_variable@left_offset      cstackCOMRAM 000015
LCD_write_variable@temp_variable    cstackCOMRAM 000018
LCD_write_variable@variable         cstackCOMRAM 000011
UART1_SendChar@c                    cstackCOMRAM 000003
UART1_SendString@i                  cstackCOMRAM 000008
UART1_SendString@string             cstackCOMRAM 000004
_ADCON0                             (abs)        000FC2
_ADCON0bits                         (abs)        000FC2
_ADCON1                             (abs)        000FC1
_ADCON2                             (abs)        000FC0
_ADC_init                           text42       001904
_ADRESH                             (abs)        000FC4
_ADRESL                             (abs)        000FC3
_ANSELAbits                         (abs)        000F38
_ANSELBbits                         (abs)        000F39
_ANSELC                             (abs)        000F3A
_ANSELCbits                         (abs)        000F3A
_A_air_intake                       bssCOMRAM    000041
_A_rpm                              bssCOMRAM    000047
_BAUDCON1bits                       (abs)        000FB8
_B_rpm                              bssCOMRAM    000045
_CCP1CONbits                        (abs)        000FBD
_CCPR1H                             (abs)        000FBF
_CCPR1L                             (abs)        000FBE
_INTCONbits                         (abs)        000FF2
_LATDbits                           (abs)        000F8C
_LCD_clear                          text39       001864
_LCD_configure_cursor_blink         text35       001842
_LCD_cursor_set                     text32       0015A6
_LCD_display_control                dataCOMRAM   000052
_LCD_entry_mode                     dataCOMRAM   000051
_LCD_init                           text38       00130A
_LCD_pulse_clock                    text41       0018F8
_LCD_write_command                  text40       000E0E
_LCD_write_data                     text31       000D12
_LCD_write_string                   text30       001386
_LCD_write_variable                 text4        000836
_OSCCON                             (abs)        000FD3
_PIE1bits                           (abs)        000F9D
_PIR1bits                           (abs)        000F9E
_PORTBbits                          (abs)        000F81
_PORTCbits                          (abs)        000F82
_RCREG1                             (abs)        000FAE
_RCSTA1bits                         (abs)        000FAB
_RCSTAbits                          (abs)        000FAB
_RPM                                bssCOMRAM    000043
_RX_char                            bssCOMRAM    00004D
_SPBRG1                             (abs)        000FAF
_SPBRGH1                            (abs)        000FB0
_T1CONbits                          (abs)        000FCD
_TRISAbits                          (abs)        000F92
_TRISBbits                          (abs)        000F93
_TRISCbits                          (abs)        000F94
_TRISDbits                          (abs)        000F95
_TXREG                              (abs)        000FAD
_TXSTA1bits                         (abs)        000FAC
_TXSTAbits                          (abs)        000FAC
_UART1_Init                         text37       0017F0
_UART1_SendChar                     text34       0018B0
_UART1_SendString                   text33       001606
_UART_ISR                           intcode      000008
__HRAM                              (abs)        000000
__H__absolute__                     __absolute__ 000000
__Habs1                             abs1         000000
__Hbank0                            bank0        000000
__Hbank1                            bank1        000000
__Hbank10                           bank10       000000
__Hbank11                           bank11       000000
__Hbank12                           bank12       000000
__Hbank13                           bank13       000000
__Hbank14                           bank14       000000
__Hbank15                           bank15       000000
__Hbank2                            bank2        000000
__Hbank3                            bank3        000000
__Hbank4                            bank4        000000
__Hbank5                            bank5        000000
__Hbank6                            bank6        000000
__Hbank7                            bank7        000000
__Hbank8                            bank8        000000
__Hbank9                            bank9        000000
__Hbigbss                           bigbss       000000
__Hbigdata                          bigdata      000000
__Hbigram                           bigram       000000
__Hbigsfr                           bigsfr       000000
__Hbss                              bss          000000
__HbssBANK0                         bssBANK0     000000
__HbssCOMRAM                        bssCOMRAM    000000
__Hcinit                            cinit        000000
__Hclrtext                          clrtext      000000
__Hcomram                           comram       000000
__Hconfig                           config       30000E
__Hconst                            const        000000
__HcstackCOMRAM                     cstackCOMRAM 000000
__Hdata                             data         000000
__HdataCOMRAM                       dataCOMRAM   000000
__Heeprom_data                      eeprom_data  000000
__Hfarbss                           farbss       000000
__Hfardata                          fardata      000000
__Hheap                             heap         000000
__Hibigdata                         ibigdata     000000
__Hidata                            idata        000000
__HidataCOMRAM                      idataCOMRAM  000000
__Hidloc                            idloc        000000
__Hifardata                         ifardata     000000
__Hinit                             init         0000D6
__Hintcode                          intcode      0000D2
__Hintcode_body                     intcode_body 000000
__Hintcodelo                        intcodelo    000018
__Hintentry                         intentry     000000
__Hintret                           intret       000000
__Hintsave_regs                     intsave_regs 000000
__Hirdata                           irdata       000000
__Hmediumconst                      mediumconst  010000
__HnvFARRAM                         nvFARRAM     000000
__Hnvbit                            nvbit        000000
__Hnvrram                           nvrram       000000
__Hparam                            rparam       000000
__Hpowerup                          powerup      000000
__Hram                              ram          000000
__Hramtop                           ramtop       001000
__Hrbit                             rbit         000000
__Hrbss                             rbss         000000
__Hrdata                            rdata        000000
__Hreset_vec                        reset_vec    000004
__Hrparam                           rparam       000000
__Hsfr                              sfr          000000
__Hsivt_hi                          sivt_hi      000000
__Hsivt_lo                          sivt_lo      000018
__Hsmallconst                       smallconst   000000
__Hspace_0                          (abs)        010000
__Hspace_1                          (abs)        0000C0
__Hspace_2                          (abs)        000000
__Hspace_4                          (abs)        60000E
__Hstack                            stack        000000
__Hstruct                           struct       000000
__Htemp                             temp         000054
__Htext                             text         000000
__Htext0                            text0        000000
__Htext1                            text1        000000
__Htext10                           text10       000000
__Htext11                           text11       000000
__Htext12                           text12       000000
__Htext13                           text13       000000
__Htext14                           text14       000000
__Htext15                           text15       000000
__Htext16                           text16       000000
__Htext17                           text17       000000
__Htext18                           text18       000000
__Htext19                           text19       000000
__Htext2                            text2        000000
__Htext20                           text20       000000
__Htext21                           text21       000000
__Htext22                           text22       000000
__Htext23                           text23       000000
__Htext24                           text24       000000
__Htext25                           text25       000000
__Htext26                           text26       000000
__Htext27                           text27       000000
__Htext28                           text28       000000
__Htext29                           text29       000000
__Htext3                            text3        000000
__Htext30                           text30       000000
__Htext31                           text31       000000
__Htext32                           text32       000000
__Htext33                           text33       000000
__Htext34                           text34       000000
__Htext35                           text35       000000
__Htext36                           text36       000000
__Htext37                           text37       000000
__Htext38                           text38       000000
__Htext39                           text39       000000
__Htext4                            text4        000000
__Htext40                           text40       000000
__Htext41                           text41       000000
__Htext42                           text42       000000
__Htext5                            text5        000000
__Htext6                            text6        000000
__Htext7                            text7        000000
__Htext8                            text8        000000
__Htext9                            text9        000000
__LRAM                              (abs)        000001
__L__absolute__                     __absolute__ 000000
__Labs1                             abs1         000000
__Lbank0                            bank0        000000
__Lbank1                            bank1        000000
__Lbank10                           bank10       000000
__Lbank11                           bank11       000000
__Lbank12                           bank12       000000
__Lbank13                           bank13       000000
__Lbank14                           bank14       000000
__Lbank15                           bank15       000000
__Lbank2                            bank2        000000
__Lbank3                            bank3        000000
__Lbank4                            bank4        000000
__Lbank5                            bank5        000000
__Lbank6                            bank6        000000
__Lbank7                            bank7        000000
__Lbank8                            bank8        000000
__Lbank9                            bank9        000000
__Lbigbss                           bigbss       000000
__Lbigdata                          bigdata      000000
__Lbigram                           bigram       000000
__Lbigsfr                           bigsfr       000000
__Lbss                              bss          000000
__LbssBANK0                         bssBANK0     000000
__LbssCOMRAM                        bssCOMRAM    000000
__Lcinit                            cinit        000000
__Lclrtext                          clrtext      000000
__Lcomram                           comram       000000
__Lconfig                           config       000000
__Lconst                            const        000000
__LcstackCOMRAM                     cstackCOMRAM 000000
__Ldata                             data         000000
__LdataCOMRAM                       dataCOMRAM   000000
__Leeprom_data                      eeprom_data  000000
__Lfarbss                           farbss       000000
__Lfardata                          fardata      000000
__Lheap                             heap         000000
__Libigdata                         ibigdata     000000
__Lidata                            idata        000000
__LidataCOMRAM                      idataCOMRAM  000000
__Lidloc                            idloc        000000
__Lifardata                         ifardata     000000
__Linit                             init         0000D2
__Lintcode                          intcode      000008
__Lintcode_body                     intcode_body 000000
__Lintcodelo                        intcodelo    000018
__Lintentry                         intentry     000000
__Lintret                           intret       000000
__Lintsave_regs                     intsave_regs 000000
__Lirdata                           irdata       000000
__Lmediumconst                      mediumconst  00FEFE
__LnvFARRAM                         nvFARRAM     000000
__Lnvbit                            nvbit        000000
__Lnvrram                           nvrram       000000
__Lparam                            rparam       000000
__Lpowerup                          powerup      000000
__Lram                              ram          000000
__Lramtop                           ramtop       001000
__Lrbit                             rbit         000000
__Lrbss                             rbss         000000
__Lrdata                            rdata        000000
__Lreset_vec                        reset_vec    000000
__Lrparam                           rparam       000000
__Lsfr                              sfr          000000
__Lsivt_hi                          sivt_hi      000000
__Lsivt_lo                          sivt_lo      000018
__Lsmallconst                       smallconst   000000
__Lspace_0                          (abs)        000000
__Lspace_1                          (abs)        000000
__Lspace_2                          (abs)        000000
__Lspace_4                          (abs)        000000
__Lstack                            stack        000000
__Lstruct                           struct       000000
__Ltemp                             temp         000053
__Ltext                             text         000000
__Ltext0                            text0        000000
__Ltext1                            text1        000000
__Ltext10                           text10       000000
__Ltext11                           text11       000000
__Ltext12                           text12       000000
__Ltext13                           text13       000000
__Ltext14                           text14       000000
__Ltext15                           text15       000000
__Ltext16                           text16       000000
__Ltext17                           text17       000000
__Ltext18                           text18       000000
__Ltext19                           text19       000000
__Ltext2                            text2        000000
__Ltext20                           text20       000000
__Ltext21                           text21       000000
__Ltext22                           text22       000000
__Ltext23                           text23       000000
__Ltext24                           text24       000000
__Ltext25                           text25       000000
__Ltext26                           text26       000000
__Ltext27                           text27       000000
__Ltext28                           text28       000000
__Ltext29                           text29       000000
__Ltext3                            text3        000000
__Ltext30                           text30       000000
__Ltext31                           text31       000000
__Ltext32                           text32       000000
__Ltext33                           text33       000000
__Ltext34                           text34       000000
__Ltext35                           text35       000000
__Ltext36                           text36       000000
__Ltext37                           text37       000000
__Ltext38                           text38       000000
__Ltext39                           text39       000000
__Ltext4                            text4        000000
__Ltext40                           text40       000000
__Ltext41                           text41       000000
__Ltext42                           text42       000000
__Ltext5                            text5        000000
__Ltext6                            text6        000000
__Ltext7                            text7        000000
__Ltext8                            text8        000000
__Ltext9                            text9        000000
__S0                                (abs)        010000
__S1                                (abs)        0000C0
__S4                                (abs)        000000
__S5                                (abs)        000000
___aldiv                            text7        000C08
___aldiv@counter                    cstackCOMRAM 00000B
___aldiv@dividend                   cstackCOMRAM 000003
___aldiv@divisor                    cstackCOMRAM 000007
___aldiv@quotient                   cstackCOMRAM 00000D
___aldiv@sign                       cstackCOMRAM 00000C
___almod                            text6        000F0A
___almod@counter                    cstackCOMRAM 00000B
___almod@dividend                   cstackCOMRAM 000003
___almod@divisor                    cstackCOMRAM 000007
___almod@sign                       cstackCOMRAM 00000C
___heap_hi                          (abs)        000000
___heap_lo                          (abs)        000000
___inthi_sp                         stack        000000
___inthi_stack_hi                   stack        000000
___inthi_stack_lo                   stack        000000
___intlo_sp                         stack        000000
___intlo_stack_hi                   stack        000000
___intlo_stack_lo                   stack        000000
___lmul                             text5        001474
___lmul@multiplicand                cstackCOMRAM 000007
___lmul@multiplier                  cstackCOMRAM 000003
___lmul@product                     cstackCOMRAM 00000B
___lwdiv                            text20       001400
___lwdiv@counter                    cstackCOMRAM 000009
___lwdiv@dividend                   cstackCOMRAM 000003
___lwdiv@divisor                    cstackCOMRAM 000005
___lwdiv@quotient                   cstackCOMRAM 000007
___lwmod                            text19       001542
___lwmod@counter                    cstackCOMRAM 000007
___lwmod@dividend                   cstackCOMRAM 000003
___lwmod@divisor                    cstackCOMRAM 000005
___param_bank                       (abs)        000000
___rparam_used                      (abs)        000001
___sp                               stack        000000
___stack_hi                         stack        000000
___stack_lo                         stack        000000
__accesstop                         (abs)        000060
__activetblptr                      (abs)        000002
__end_of_ADC_init                   text42       001910
__end_of_LCD_clear                  text39       001880
__end_of_LCD_configure_cursor_blink text35       001864
__end_of_LCD_cursor_set             text32       001606
__end_of_LCD_init                   text38       001386
__end_of_LCD_pulse_clock            text41       001904
__end_of_LCD_write_command          text40       000F0A
__end_of_LCD_write_data             text31       000E0E
__end_of_LCD_write_string           text30       001400
__end_of_LCD_write_variable         text4        0009AA
__end_of_UART1_Init                 text37       00181C
__end_of_UART1_SendChar             text34       0018C6
__end_of_UART1_SendString           text33       00165C
__end_of_UART_ISR                   intcode      0000D2
__end_of___aldiv                    text7        000D12
__end_of___almod                    text6        000FF4
__end_of___lmul                     text5        0014DE
__end_of___lwdiv                    text20       001474
__end_of___lwmod                    text19       0015A6
__end_of__initialization            cinit        001694
__end_of_ccp1_init                  text3        0018D8
__end_of_clear_diagnostic_codes     text25       0004F8
__end_of_clear_parsing_notif        text29       0018B0
__end_of_display_mm                 text28       0017F0
__end_of_display_system_info        text22       00178C
__end_of_fputc                      text17       001178
__end_of_hex_char_to_value          text21       00130A
__end_of_input_init                 text36       0018F8
__end_of_live_reading_mode          text9        001842
__end_of_main                       text0        001542
__end_of_main_menu                  text8        00030E
__end_of_parsing_notif              text27       001898
__end_of_print_AI_Temp              text13       000C08
__end_of_print_ELMVer               text24       00128C
__end_of_print_RPM                  text12       000AF2
__end_of_print_SAEVer               text23       001202
__end_of_print_Vbatt                text10       0010CE
__end_of_putch                      text18       001916
__end_of_readADC                    text26       0017C2
__end_of_sprintf                    text14       001756
__end_of_strchr                     text11       00171E
__end_of_tmr1_init                  text2        0018E8
__end_of_vfpfcnvrt                  text16       000836
__end_of_vfprintf                   text15       0016E4
__end_of_welcome_splash             text1        0006B0
__initialization                    cinit        00165C
__mediumconst                       mediumconst  00FEFE
__pbssBANK0                         bssBANK0     000060
__pbssCOMRAM                        bssCOMRAM    000037
__pcinit                            cinit        00165C
__pcstackCOMRAM                     cstackCOMRAM 000001
__pdataCOMRAM                       dataCOMRAM   00004F
__pidataCOMRAM                      idataCOMRAM  001910
__pintcode                          intcode      000008
__pmediumconst                      mediumconst  00FEFE
__ptext0                            text0        0014DE
__ptext1                            text1        0004F8
__ptext10                           text10       000FF4
__ptext11                           text11       0016E4
__ptext12                           text12       0009AA
__ptext13                           text13       000AF2
__ptext14                           text14       00171E
__ptext15                           text15       0016A2
__ptext16                           text16       0006B0
__ptext17                           text17       0010CE
__ptext18                           text18       001914
__ptext19                           text19       001542
__ptext2                            text2        0018D8
__ptext20                           text20       001400
__ptext21                           text21       00128C
__ptext22                           text22       001756
__ptext23                           text23       001178
__ptext24                           text24       001202
__ptext25                           text25       00030E
__ptext26                           text26       00178C
__ptext27                           text27       001880
__ptext28                           text28       0017C2
__ptext29                           text29       001898
__ptext3                            text3        0018C6
__ptext30                           text30       001386
__ptext31                           text31       000D12
__ptext32                           text32       0015A6
__ptext33                           text33       001606
__ptext34                           text34       0018B0
__ptext35                           text35       001842
__ptext36                           text36       0018E8
__ptext37                           text37       0017F0
__ptext38                           text38       00130A
__ptext39                           text39       001864
__ptext4                            text4        000836
__ptext40                           text40       000E0E
__ptext41                           text41       0018F8
__ptext42                           text42       001904
__ptext5                            text5        001474
__ptext6                            text6        000F0A
__ptext7                            text7        000C08
__ptext8                            text8        0000D6
__ptext9                            text9        00181C
__ramtop                            ramtop       001000
__smallconst                        mediumconst  00FEFE
_air_intake_string                  bssBANK0     0000A0
_air_intake_temp                    bssCOMRAM    00003F
_buffer                             bssBANK0     000080
_buffer_count                       bssCOMRAM    00004E
_ccp1_init                          text3        0018C6
_clear_diagnostic_codes             text25       00030E
_clear_parsing_notif                text29       001898
_dbuf                               bssBANK0     000060
_display_mm                         text28       0017C2
_display_system_info                text22       001756
_flags                              bssCOMRAM    00004B
_fputc                              text17       0010CE
_hex_char_to_value                  text21       00128C
_input_init                         text36       0018E8
_live_reading_mode                  text9        00181C
_main                               text0        0014DE
_main_menu                          text8        0000D6
_menu_sel                           dataCOMRAM   00004F
_message_complete                   bssCOMRAM    00004C
_parsing_notif                      text27       001880
_prec                               bssCOMRAM    00003D
_print_AI_Temp                      text13       000AF2
_print_ELMVer                       text24       001202
_print_RPM                          text12       0009AA
_print_SAEVer                       text23       001178
_print_Vbatt                        text10       000FF4
_putch                              text18       001914
_readADC                            text26       00178C
_result                             bssCOMRAM    000049
_rpm_string                         bssBANK0     0000B0
_sprintf                            text14       00171E
_strchr                             text11       0016E4
_tmr1_init                          text2        0018D8
_vfpfcnvrt                          text16       0006B0
_vfprintf                           text15       0016A2
_welcome_splash                     text1        0004F8
_width                              bssCOMRAM    00003B
btemp                               temp         000053
clear_diagnostic_codes@opt_sel      cstackCOMRAM 00000D
end_of_initialization               cinit        001694
fputc@c                             cstackCOMRAM 000003
fputc@fp                            cstackCOMRAM 000005
hex_char_to_value@c                 cstackCOMRAM 000003
int$flags                           temp         000053
intlevel0                           text         000000
intlevel1                           text         000000
intlevel2                           text         000000
intlevel3                           text         000000
isa$std                             (abs)        000001
isa$xinst                           (abs)        000000
sprintf@ap                          cstackCOMRAM 000022
sprintf@f                           cstackCOMRAM 000023
sprintf@fmt                         cstackCOMRAM 00001E
sprintf@s                           cstackCOMRAM 00001D
stackhi                             (abs)        000000
stacklo                             (abs)        000000
start                               init         0000D2
start_initialization                cinit        00165C
strchr@c                            cstackCOMRAM 000004
strchr@s                            cstackCOMRAM 000003
ttemp5                              temp         000054
ttemp6                              temp         000057
ttemp7                              temp         00005B
vfpfcnvrt@ap                        cstackCOMRAM 00000D
vfpfcnvrt@c                         cstackCOMRAM 000016
vfpfcnvrt@convarg                   cstackCOMRAM 000012
vfpfcnvrt@cp                        cstackCOMRAM 000010
vfpfcnvrt@fmt                       cstackCOMRAM 00000C
vfpfcnvrt@fp                        cstackCOMRAM 00000B
vfprintf@ap                         cstackCOMRAM 00001A
vfprintf@cfmt                       cstackCOMRAM 00001B
vfprintf@fmt                        cstackCOMRAM 000018
vfprintf@fp                         cstackCOMRAM 000017
welcome_splash@CCP1IF_counter       cstackCOMRAM 000020
welcome_splash@plug_flag            cstackCOMRAM 00001E
wtemp8                              temp         000054


MODULE INFORMATION

Module		Function		Class		Link	Load	Size
C:\Program Files\Microchip\xc8\v3.00\pic\sources\c99\common\nf_fputc.c
		_fputc         		CODE           	10CE	0000	170

C:\Program Files\Microchip\xc8\v3.00\pic\sources\c99\common\nf_fputc.c estimated size: 170

OBCII_PIC18F46K22.c
		_welcome_splash		CODE           	04F8	0000	440
		_parsing_notif 		CODE           	1880	0000	24
		_display_mm    		CODE           	17C2	0000	46
		_print_AI_Temp 		CODE           	0AF2	0000	278
		_main          		CODE           	14DE	0000	100
		_input_init    		CODE           	18E8	0000	16
		_ADC_init      		CODE           	1904	0000	12
		_display_system_info		CODE           	1756	0000	54
		_ccp1_init     		CODE           	18C6	0000	18
		_UART1_SendString		CODE           	1606	0000	86
		_UART1_Init    		CODE           	17F0	0000	44
		_live_reading_mode		CODE           	181C	0000	38
		_print_SAEVer  		CODE           	1178	0000	138
		_hex_char_to_value		CODE           	128C	0000	126
		_clear_parsing_notif		CODE           	1898	0000	24
		_print_Vbatt   		CODE           	0FF4	0000	218
		_UART1_SendChar		CODE           	18B0	0000	22
		_main_menu     		CODE           	00D6	0000	568
		_UART_ISR      		CODE           	0008	0000	202
		_print_RPM     		CODE           	09AA	0000	328
		_clear_diagnostic_codes		CODE           	030E	0000	490
		_print_ELMVer  		CODE           	1202	0000	138
		_readADC       		CODE           	178C	0000	54
		_tmr1_init     		CODE           	18D8	0000	16

OBCII_PIC18F46K22.c estimated size: 3480

C:\Program Files\Microchip\xc8\v3.00\pic\sources\c99\common\nf_sprintf.c
		_sprintf       		CODE           	171E	0000	56

C:\Program Files\Microchip\xc8\v3.00\pic\sources\c99\common\nf_sprintf.c estimated size: 56

C:\Program Files\Microchip\xc8\v3.00\pic\sources\c99\common\lwmod.c
		___lwmod       		CODE           	1542	0000	100

C:\Program Files\Microchip\xc8\v3.00\pic\sources\c99\common\lwmod.c estimated size: 100

C:\Program Files\Microchip\xc8\v3.00\pic\sources\c99\common\putch.c
		_putch         		CODE           	1914	0000	2

C:\Program Files\Microchip\xc8\v3.00\pic\sources\c99\common\putch.c estimated size: 2

C:\Program Files\Microchip\xc8\v3.00\pic\sources\c99\common\Umul32.c
		___lmul        		CODE           	1474	0000	106

C:\Program Files\Microchip\xc8\v3.00\pic\sources\c99\common\Umul32.c estimated size: 106

C:\Program Files\Microchip\xc8\v3.00\pic\sources\c99\common\almod.c
		___almod       		CODE           	0F0A	0000	234

C:\Program Files\Microchip\xc8\v3.00\pic\sources\c99\common\almod.c estimated size: 234

shared
		__initialization		CODE           	165C	0000	56

shared estimated size: 56

C:\Program Files\Microchip\xc8\v3.00\pic\sources\c99\common\strchr.c
		_strchr        		CODE           	16E4	0000	58

C:\Program Files\Microchip\xc8\v3.00\pic\sources\c99\common\strchr.c estimated size: 58

C:\Program Files\Microchip\xc8\v3.00\pic\sources\c99\common\lwdiv.c
		___lwdiv       		CODE           	1400	0000	116

C:\Program Files\Microchip\xc8\v3.00\pic\sources\c99\common\lwdiv.c estimated size: 116

C:\Program Files\Microchip\xc8\v3.00\pic\sources\c99\common\aldiv.c
		___aldiv       		CODE           	0C08	0000	266

C:\Program Files\Microchip\xc8\v3.00\pic\sources\c99\common\aldiv.c estimated size: 266

C:\Program Files\Microchip\xc8\v3.00\pic\sources\c99\common\doprnt.c
		_vfpfcnvrt     		CODE           	06B0	0000	390
		_vfprintf      		CODE           	16A2	0000	66

C:\Program Files\Microchip\xc8\v3.00\pic\sources\c99\common\doprnt.c estimated size: 456

LCD.c
		_LCD_clear     		CODE           	1864	0000	28
		_LCD_configure_cursor_blink		CODE           	1842	0000	34
		_LCD_cursor_set		CODE           	15A6	0000	96
		_LCD_write_string		CODE           	1386	0000	122
		_LCD_write_command		CODE           	0E0E	0000	252
		_LCD_init      		CODE           	130A	0000	124
		_LCD_write_data		CODE           	0D12	0000	252
		_LCD_write_variable		CODE           	0836	0000	372
		_LCD_pulse_clock		CODE           	18F8	0000	12

LCD.c estimated size: 1292

