Microchip MPLAB XC8 Compiler V3.00

Linker command line:

-W-3 \
  --edf=C:\Program Files\Microchip\xc8\v3.00\pic\dat\20241204225717_en.msgs \
  -cn -h+dist/default/production\OBDII_PIC18F46k22.X.production.sym \
  --cmf=dist/default/production\OBDII_PIC18F46k22.X.production.cmf -z \
  -Q18F46K22 -oC:\Users\luqui\AppData\Local\Temp\xcAscjs.\driver_tmp_3.o \
  --defsym=__MPLAB_BUILD=1 --fixupoverflow=error \
  -Mdist/default/production/OBDII_PIC18F46k22.X.production.map \
  --md=C:\Users\luqui\AppData\Local\Temp\xcAscjs.\driver_tmp_0.dat -E1 \
  -ver=XC8 Compiler -ACODE=00h-0FFFFh -ACONST=00h-0FFFFh \
  -ASMALLCONST=01000h-010FFhx240 -AMEDIUMCONST=01000h-0FFFFh \
  -ACOMRAM=01h-05Fh -AABS1=00h-0F37h -ABIGRAM=01h-0F37h \
  -ARAM=060h-0FFh,0100h-01FFhx14,0F00h-0F37h -ABANK0=060h-0FFh \
  -ABANK1=0100h-01FFh -ABANK2=0200h-02FFh -ABANK3=0300h-03FFh \
  -ABANK4=0400h-04FFh -ABANK5=0500h-05FFh -ABANK6=0600h-06FFh \
  -ABANK7=0700h-07FFh -ABANK8=0800h-08FFh -ABANK9=0900h-09FFh \
  -ABANK10=0A00h-0AFFh -ABANK11=0B00h-0BFFh -ABANK12=0C00h-0CFFh \
  -ABANK13=0D00h-0DFFh -ABANK14=0E00h-0EFFh -ABANK15=0F00h-0F37h \
  -ASFR=0F38h-0F5Fh,0F60h-0FFFh -ABIGSFR=0F38h-0FFFh \
  -ACONFIG=0300000h-030000Dh -AIDLOC=0200000h-0200007h \
  -AEEDATA=0F00000h-0F003FFh -peeprom_data=EEDATA \
  -preset_vec=00h,intcode=8h,intcodelo=18h,sivt_lo,sivt_hi=CODE \
  -ppowerup=CODE,init -pramtop=01000h -psmallconst=SMALLCONST \
  -pmediumconst=MEDIUMCONST -pconst=CONST -AFARRAM=00h-00h \
  -prdata=COMRAM,nvrram=COMRAM,nvbit=COMRAM,rbss=COMRAM,rbit=COMRAM \
  -pfarbss=FARRAM,fardata=FARRAM,nvFARRAM=FARRAM \
  -pintsave_regs=BIGRAM,bigbss=BIGRAM,bigdata=BIGRAM -pbss=RAM \
  -pidata=CODE,irdata=CODE,ibigdata=CODE,ifardata=CODE -prparam=COMRAM \
  C:\Users\luqui\AppData\Local\Temp\xcAscjs.\driver_tmp_19.o \
  dist/default/production\OBDII_PIC18F46k22.X.production.o 

Object code version is 3.11

Machine type is 18F46K22



                Name                               Link     Load   Length Selector   Space Scale
C:\Users\luqui\AppData\Local\Temp\xcAscjs.\driver_tmp_19.o
                config                           300000   300000        E        0       4
                init                                 E0       E0        4        4       0
                reset_vec                             0        0        4        0       0
dist/default/production\OBDII_PIC18F46k22.X.production.o
                intcode                               8        8       D8        4       0
                config                           300000   300000        E        0       4
                temp                                 5D       5D        1        1       1
                mediumconst                        FECC     FECC      134     7F66       0
                text60                             2DD0     2DD0        C        4       0
                text59                             2DC4     2DC4        C        4       0
                text58                             1C92     1C92       FC        4       0
                text57                             2D20     2D20       1E        4       0
                text56                             26AE     26AE       80        4       0
                text55                             2CB0     2CB0       2C        4       0
                text54                             2DA6     2DA6       10        4       0
                text53                             2CDC     2CDC       26        4       0
                text52                             2D6E     2D6E       16        4       0
                text51                             2A78     2A78       56        4       0
                text50                             29BA     29BA       60        4       0
                text49                             1B96     1B96       FC        4       0
                text48                             272E     272E       7A        4       0
                text47                             2D56     2D56       18        4       0
                text46                             2C82     2C82       2E        4       0
                text45                             2D3E     2D3E       18        4       0
                text44                             2C4C     2C4C       36        4       0
                text43                              F22      F22      1F2        4       0
                text42                             2DDC     2DDC        A        4       0
                text41                             2C14     2C14       38        4       0
                text40                             173E     173E      12E        4       0
                text39                             2594     2594       90        4       0
                text38                             2504     2504       90        4       0
                text37                             2D02     2D02       1E        4       0
                text36                             23CA     23CA       9E        4       0
                text35                               E4       E4      56A        4       0
                text34                             2DE6     2DE6        6        4       0
                text33                             1A94     1A94      102        4       0
                text32                             2468     2468       9C        4       0
                text31                             2886     2886       6A        4       0
                text30                              64E      64E      366        4       0
                text29                              9B4      9B4      31C        4       0
                text28                             2024     2024       C4        4       0
                text27                             2B1A     2B1A       44        4       0
                text26                             2ACE     2ACE       4C        4       0
                text25                             2BDA     2BDA       3A        4       0
                text24                             1F5E     1F5E       C6        4       0
                text23                             21AA     21AA       C0        4       0
                text22                             2624     2624       8A        4       0
                text21                             27A8     27A8       74        4       0
                text20                             2956     2956       64        4       0
                text19                             2DF0     2DF0        2        4       0
                text18                             226A     226A       BA        4       0
                text17                             12F0     12F0      190        4       0
                text16                             2B5E     2B5E       42        4       0
                text15                             2BA0     2BA0       3A        4       0
                text14                             186C     186C      11E        4       0
                text13                             20E8     20E8       C2        4       0
                text12                             2324     2324       A6        4       0
                text11                             15F4     15F4      14A        4       0
                text10                             1E78     1E78       E6        4       0
                text9                              2DB6     2DB6        E        4       0
                text8                               CD0      CD0      252        4       0
                text7                              198A     198A      10A        4       0
                text6                              1D8E     1D8E       EA        4       0
                text5                              281C     281C       6A        4       0
                text4                              1480     1480      174        4       0
                text3                              2D84     2D84       12        4       0
                text2                              2D96     2D96       10        4       0
                text1                              1114     1114      1DC        4       0
                text0                              28F0     28F0       66        4       0
                cstackCOMRAM                          1        1       5A        1       1
                cstackBANK0                          60       60       49       60       1
                bssBANK2                            200      200      100      200       1
                bssBANK1                            100      100       7C      100       1
                dataBANK0                            EC       EC        4       60       1
                bssBANK0                             A9       A9       43       60       1
                bssCOMRAM                            5B       5B        2        1       1
                cinit                              2A1A     2A1A       5E        4       0
                idataBANK0                         2DEC     2DEC        4        4       0

TOTAL           Name                               Link     Load   Length     Space
        CLASS   CODE           
                intcode                               8        8       D8         0
                init                                 E0       E0        4         0
                reset_vec                             0        0        4         0
                text60                             2DD0     2DD0        C         0
                text59                             2DC4     2DC4        C         0
                text58                             1C92     1C92       FC         0
                text57                             2D20     2D20       1E         0
                text56                             26AE     26AE       80         0
                text55                             2CB0     2CB0       2C         0
                text54                             2DA6     2DA6       10         0
                text53                             2CDC     2CDC       26         0
                text52                             2D6E     2D6E       16         0
                text51                             2A78     2A78       56         0
                text50                             29BA     29BA       60         0
                text49                             1B96     1B96       FC         0
                text48                             272E     272E       7A         0
                text47                             2D56     2D56       18         0
                text46                             2C82     2C82       2E         0
                text45                             2D3E     2D3E       18         0
                text44                             2C4C     2C4C       36         0
                text43                              F22      F22      1F2         0
                text42                             2DDC     2DDC        A         0
                text41                             2C14     2C14       38         0
                text40                             173E     173E      12E         0
                text39                             2594     2594       90         0
                text38                             2504     2504       90         0
                text37                             2D02     2D02       1E         0
                text36                             23CA     23CA       9E         0
                text35                               E4       E4      56A         0
                text34                             2DE6     2DE6        6         0
                text33                             1A94     1A94      102         0
                text32                             2468     2468       9C         0
                text31                             2886     2886       6A         0
                text30                              64E      64E      366         0
                text29                              9B4      9B4      31C         0
                text28                             2024     2024       C4         0
                text27                             2B1A     2B1A       44         0
                text26                             2ACE     2ACE       4C         0
                text25                             2BDA     2BDA       3A         0
                text24                             1F5E     1F5E       C6         0
                text23                             21AA     21AA       C0         0
                text22                             2624     2624       8A         0
                text21                             27A8     27A8       74         0
                text20                             2956     2956       64         0
                text19                             2DF0     2DF0        2         0
                text18                             226A     226A       BA         0
                text17                             12F0     12F0      190         0
                text16                             2B5E     2B5E       42         0
                text15                             2BA0     2BA0       3A         0
                text14                             186C     186C      11E         0
                text13                             20E8     20E8       C2         0
                text12                             2324     2324       A6         0
                text11                             15F4     15F4      14A         0
                text10                             1E78     1E78       E6         0
                text9                              2DB6     2DB6        E         0
                text8                               CD0      CD0      252         0
                text7                              198A     198A      10A         0
                text6                              1D8E     1D8E       EA         0
                text5                              281C     281C       6A         0
                text4                              1480     1480      174         0
                text3                              2D84     2D84       12         0
                text2                              2D96     2D96       10         0
                text1                              1114     1114      1DC         0
                text0                              28F0     28F0       66         0
                cinit                              2A1A     2A1A       5E         0
                idataBANK0                         2DEC     2DEC        4         0

        CLASS   CONST          

        CLASS   SMALLCONST     

        CLASS   MEDIUMCONST    
                mediumconst                        FECC     FECC      134         0

        CLASS   COMRAM         
                temp                                 5D       5D        1         1
                cstackCOMRAM                          1        1       5A         1
                bssCOMRAM                            5B       5B        2         1

        CLASS   ABS1           

        CLASS   BIGRAM         

        CLASS   RAM            

        CLASS   BANK0          
                cstackBANK0                          60       60       49         1
                dataBANK0                            EC       EC        4         1
                bssBANK0                             A9       A9       43         1

        CLASS   BANK1          
                bssBANK1                            100      100       7C         1

        CLASS   BANK2          
                bssBANK2                            200      200      100         1

        CLASS   BANK3          

        CLASS   BANK4          

        CLASS   BANK5          

        CLASS   BANK6          

        CLASS   BANK7          

        CLASS   BANK8          

        CLASS   BANK9          

        CLASS   BANK10         

        CLASS   BANK11         

        CLASS   BANK12         

        CLASS   BANK13         

        CLASS   BANK14         

        CLASS   BANK15         

        CLASS   SFR            

        CLASS   BIGSFR         

        CLASS   CONFIG         
                config                           300000   300000        E         4

        CLASS   IDLOC          

        CLASS   EEDATA         

        CLASS   FARRAM         

        CLASS   HEAP           

        CLASS   STACK          



SEGMENTS        Name                           Load    Length   Top    Selector   Space  Class

                reset_vec                      000000  000004  000004         0       0  CODE    
                cstackCOMRAM                   000001  00005D  00005E         1       1  COMRAM  
                intcode                        000008  002DEA  002DF2         4       0  CODE    
                cstackBANK0                    000060  000090  0000F0        60       1  BANK0   
                bssBANK1                       000100  00007C  00017C       100       1  BANK1   
                bssBANK2                       000200  000100  000300       200       1  BANK2   
                mediumconst                    00FECC  000134  010000      7F66       0  MEDIUMCO


UNUSED ADDRESS RANGES

        Name                Unused          Largest block    Delta
        BANK0            0000F0-0000FF               10
        BANK1            00017C-0001FF               84
        BANK10           000A00-000AFF              100
        BANK11           000B00-000BFF              100
        BANK12           000C00-000CFF              100
        BANK13           000D00-000DFF              100
        BANK14           000E00-000EFF              100
        BANK15           000F00-000F37               38
        BANK3            000300-0003FF              100
        BANK4            000400-0004FF              100
        BANK5            000500-0005FF              100
        BANK6            000600-0006FF              100
        BANK7            000700-0007FF              100
        BANK8            000800-0008FF              100
        BANK9            000900-0009FF              100
        BIGRAM           00005E-00005F                2
                         0000F0-0000FF               10
                         00017C-0001FF               84
                         000300-000F37              C38
        BIGSFR           000F38-000FFF               C8
        CODE             000004-000007                4
                         002DF2-00FECB             D0DA
        COMRAM           00005E-00005F                2
        CONST            000004-000007                4
                         002DF2-00FECB             D0DA
        EEDATA           F00000-F003FF              400
        IDLOC            200000-200007                8
        MEDIUMCONST      002DF2-00FECB             D0DA
        RAM              0000F0-0000FF               10
                         00017C-0001FF               84
                         000300-000F37              100
        SFR              000F38-000FFF               28
        SMALLCONST       002DF2-00FECB              100

                                  Symbol Table

?___aldiv                           cstackCOMRAM 000003
?___almod                           cstackCOMRAM 000003
?___awdiv                           cstackCOMRAM 000003
?___lmul                            cstackCOMRAM 000003
?___lwdiv                           cstackCOMRAM 000003
?___lwmod                           cstackCOMRAM 000003
?___omul                            cstackCOMRAM 000003
?___strtoxll                        cstackCOMRAM 00001B
?_atox                              cstackCOMRAM 00004B
?_fgetc                             cstackCOMRAM 000005
?_getch                             cstackCOMRAM 000003
?_readADC                           cstackCOMRAM 000003
?_sprintf                           cstackCOMRAM 00001D
?_sscanf                            cstackBANK0  000085
?_strchr                            cstackCOMRAM 000003
?_strlen                            cstackCOMRAM 000003
?_strncmp                           cstackCOMRAM 000003
?_strstr                            cstackCOMRAM 00000A
?_vfprintf                          cstackCOMRAM 000017
?_vfscanf                           cstackBANK0  00007B
?_vfsfcnvrt                         cstackBANK0  00006A
LCD_configure_cursor_blink@state    cstackCOMRAM 000006
LCD_cursor_set@column               cstackCOMRAM 000006
LCD_cursor_set@row                  cstackCOMRAM 000007
LCD_write_char@character            cstackCOMRAM 000006
LCD_write_command@command           cstackCOMRAM 000005
LCD_write_data@data                 cstackCOMRAM 000005
LCD_write_string@i                  cstackCOMRAM 00000A
LCD_write_string@string             cstackCOMRAM 000006
LCD_write_variable@digits           cstackCOMRAM 000017
LCD_write_variable@i                cstackCOMRAM 000016
LCD_write_variable@left_offset      cstackCOMRAM 000015
LCD_write_variable@temp_variable    cstackCOMRAM 000018
LCD_write_variable@variable         cstackCOMRAM 000011
UART1_SendChar@c                    cstackCOMRAM 000003
UART1_SendString@i                  cstackCOMRAM 000008
UART1_SendString@string             cstackCOMRAM 000004
_ADCON0                             (abs)        000FC2
_ADCON0bits                         (abs)        000FC2
_ADCON1                             (abs)        000FC1
_ADCON2                             (abs)        000FC0
_ADC_init                           text60       002DD0
_ADRESH                             (abs)        000FC4
_ADRESL                             (abs)        000FC3
_ANSELAbits                         (abs)        000F38
_ANSELBbits                         (abs)        000F39
_ANSELC                             (abs)        000F3A
_ANSELCbits                         (abs)        000F3A
_A_air_intake                       bssBANK0     0000BE
_A_rpm                              bssBANK0     0000C4
_BAUDCON1bits                       (abs)        000FB8
_B_rpm                              bssBANK0     0000C2
_CCP1CONbits                        (abs)        000FBD
_CCPR1H                             (abs)        000FBF
_CCPR1L                             (abs)        000FBE
_INTCONbits                         (abs)        000FF2
_LATDbits                           (abs)        000F8C
_LCD_clear                          text57       002D20
_LCD_configure_cursor_blink         text53       002CDC
_LCD_cursor_set                     text50       0029BA
_LCD_display_control                dataBANK0    0000EF
_LCD_entry_mode                     dataBANK0    0000EE
_LCD_init                           text56       0026AE
_LCD_pulse_clock                    text59       002DC4
_LCD_write_char                     text42       002DDC
_LCD_write_command                  text58       001C92
_LCD_write_data                     text49       001B96
_LCD_write_string                   text48       00272E
_LCD_write_variable                 text4        001480
_OSCCON                             (abs)        000FD3
_PIE1bits                           (abs)        000F9D
_PIR1bits                           (abs)        000F9E
_PORTBbits                          (abs)        000F81
_PORTCbits                          (abs)        000F82
_RCREG1                             (abs)        000FAE
_RCSTA1bits                         (abs)        000FAB
_RCSTAbits                          (abs)        000FAB
_RPM                                bssBANK0     0000C0
_RX_char                            bssCOMRAM    00005C
_SPBRG1                             (abs)        000FAF
_SPBRGH1                            (abs)        000FB0
_T1CONbits                          (abs)        000FCD
_TRISAbits                          (abs)        000F92
_TRISBbits                          (abs)        000F93
_TRISCbits                          (abs)        000F94
_TRISDbits                          (abs)        000F95
_TXREG                              (abs)        000FAD
_TXSTA1bits                         (abs)        000FAC
_TXSTAbits                          (abs)        000FAC
_UART1_Init                         text55       002CB0
_UART1_SendChar                     text52       002D6E
_UART1_SendString                   text51       002A78
_UART_ISR                           intcode      000008
__HRAM                              (abs)        000000
__H__absolute__                     __absolute__ 000000
__Habs1                             abs1         000000
__Hbank0                            bank0        000000
__Hbank1                            bank1        000000
__Hbank10                           bank10       000000
__Hbank11                           bank11       000000
__Hbank12                           bank12       000000
__Hbank13                           bank13       000000
__Hbank14                           bank14       000000
__Hbank15                           bank15       000000
__Hbank2                            bank2        000000
__Hbank3                            bank3        000000
__Hbank4                            bank4        000000
__Hbank5                            bank5        000000
__Hbank6                            bank6        000000
__Hbank7                            bank7        000000
__Hbank8                            bank8        000000
__Hbank9                            bank9        000000
__Hbigbss                           bigbss       000000
__Hbigdata                          bigdata      000000
__Hbigram                           bigram       000000
__Hbigsfr                           bigsfr       000000
__Hbss                              bss          000000
__HbssBANK0                         bssBANK0     000000
__HbssBANK1                         bssBANK1     000000
__HbssBANK2                         bssBANK2     000000
__HbssCOMRAM                        bssCOMRAM    000000
__Hcinit                            cinit        000000
__Hclrtext                          clrtext      000000
__Hcomram                           comram       000000
__Hconfig                           config       30000E
__Hconst                            const        000000
__HcstackBANK0                      cstackBANK0  000000
__HcstackCOMRAM                     cstackCOMRAM 000000
__Hdata                             data         000000
__HdataBANK0                        dataBANK0    000000
__Heeprom_data                      eeprom_data  000000
__Hfarbss                           farbss       000000
__Hfardata                          fardata      000000
__Hheap                             heap         000000
__Hibigdata                         ibigdata     000000
__Hidata                            idata        000000
__HidataBANK0                       idataBANK0   000000
__Hidloc                            idloc        000000
__Hifardata                         ifardata     000000
__Hinit                             init         0000E4
__Hintcode                          intcode      0000E0
__Hintcode_body                     intcode_body 000000
__Hintcodelo                        intcodelo    000018
__Hintentry                         intentry     000000
__Hintret                           intret       000000
__Hintsave_regs                     intsave_regs 000000
__Hirdata                           irdata       000000
__Hmediumconst                      mediumconst  010000
__HnvFARRAM                         nvFARRAM     000000
__Hnvbit                            nvbit        000000
__Hnvrram                           nvrram       000000
__Hparam                            rparam       000000
__Hpowerup                          powerup      000000
__Hram                              ram          000000
__Hramtop                           ramtop       001000
__Hrbit                             rbit         000000
__Hrbss                             rbss         000000
__Hrdata                            rdata        000000
__Hreset_vec                        reset_vec    000004
__Hrparam                           rparam       000000
__Hsfr                              sfr          000000
__Hsivt_hi                          sivt_hi      000000
__Hsivt_lo                          sivt_lo      000018
__Hsmallconst                       smallconst   000000
__Hspace_0                          (abs)        010000
__Hspace_1                          (abs)        000300
__Hspace_2                          (abs)        000000
__Hspace_4                          (abs)        60000E
__Hstack                            stack        000000
__Hstruct                           struct       000000
__Htemp                             temp         00005E
__Htext                             text         000000
__Htext0                            text0        000000
__Htext1                            text1        000000
__Htext10                           text10       000000
__Htext11                           text11       000000
__Htext12                           text12       000000
__Htext13                           text13       000000
__Htext14                           text14       000000
__Htext15                           text15       000000
__Htext16                           text16       000000
__Htext17                           text17       000000
__Htext18                           text18       000000
__Htext19                           text19       000000
__Htext2                            text2        000000
__Htext20                           text20       000000
__Htext21                           text21       000000
__Htext22                           text22       000000
__Htext23                           text23       000000
__Htext24                           text24       000000
__Htext25                           text25       000000
__Htext26                           text26       000000
__Htext27                           text27       000000
__Htext28                           text28       000000
__Htext29                           text29       000000
__Htext3                            text3        000000
__Htext30                           text30       000000
__Htext31                           text31       000000
__Htext32                           text32       000000
__Htext33                           text33       000000
__Htext34                           text34       000000
__Htext35                           text35       000000
__Htext36                           text36       000000
__Htext37                           text37       000000
__Htext38                           text38       000000
__Htext39                           text39       000000
__Htext4                            text4        000000
__Htext40                           text40       000000
__Htext41                           text41       000000
__Htext42                           text42       000000
__Htext43                           text43       000000
__Htext44                           text44       000000
__Htext45                           text45       000000
__Htext46                           text46       000000
__Htext47                           text47       000000
__Htext48                           text48       000000
__Htext49                           text49       000000
__Htext5                            text5        000000
__Htext50                           text50       000000
__Htext51                           text51       000000
__Htext52                           text52       000000
__Htext53                           text53       000000
__Htext54                           text54       000000
__Htext55                           text55       000000
__Htext56                           text56       000000
__Htext57                           text57       000000
__Htext58                           text58       000000
__Htext59                           text59       000000
__Htext6                            text6        000000
__Htext60                           text60       000000
__Htext7                            text7        000000
__Htext8                            text8        000000
__Htext9                            text9        000000
__LRAM                              (abs)        000001
__L__absolute__                     __absolute__ 000000
__Labs1                             abs1         000000
__Lbank0                            bank0        000000
__Lbank1                            bank1        000000
__Lbank10                           bank10       000000
__Lbank11                           bank11       000000
__Lbank12                           bank12       000000
__Lbank13                           bank13       000000
__Lbank14                           bank14       000000
__Lbank15                           bank15       000000
__Lbank2                            bank2        000000
__Lbank3                            bank3        000000
__Lbank4                            bank4        000000
__Lbank5                            bank5        000000
__Lbank6                            bank6        000000
__Lbank7                            bank7        000000
__Lbank8                            bank8        000000
__Lbank9                            bank9        000000
__Lbigbss                           bigbss       000000
__Lbigdata                          bigdata      000000
__Lbigram                           bigram       000000
__Lbigsfr                           bigsfr       000000
__Lbss                              bss          000000
__LbssBANK0                         bssBANK0     000000
__LbssBANK1                         bssBANK1     000000
__LbssBANK2                         bssBANK2     000000
__LbssCOMRAM                        bssCOMRAM    000000
__Lcinit                            cinit        000000
__Lclrtext                          clrtext      000000
__Lcomram                           comram       000000
__Lconfig                           config       000000
__Lconst                            const        000000
__LcstackBANK0                      cstackBANK0  000000
__LcstackCOMRAM                     cstackCOMRAM 000000
__Ldata                             data         000000
__LdataBANK0                        dataBANK0    000000
__Leeprom_data                      eeprom_data  000000
__Lfarbss                           farbss       000000
__Lfardata                          fardata      000000
__Lheap                             heap         000000
__Libigdata                         ibigdata     000000
__Lidata                            idata        000000
__LidataBANK0                       idataBANK0   000000
__Lidloc                            idloc        000000
__Lifardata                         ifardata     000000
__Linit                             init         0000E0
__Lintcode                          intcode      000008
__Lintcode_body                     intcode_body 000000
__Lintcodelo                        intcodelo    000018
__Lintentry                         intentry     000000
__Lintret                           intret       000000
__Lintsave_regs                     intsave_regs 000000
__Lirdata                           irdata       000000
__Lmediumconst                      mediumconst  00FECC
__LnvFARRAM                         nvFARRAM     000000
__Lnvbit                            nvbit        000000
__Lnvrram                           nvrram       000000
__Lparam                            rparam       000000
__Lpowerup                          powerup      000000
__Lram                              ram          000000
__Lramtop                           ramtop       001000
__Lrbit                             rbit         000000
__Lrbss                             rbss         000000
__Lrdata                            rdata        000000
__Lreset_vec                        reset_vec    000000
__Lrparam                           rparam       000000
__Lsfr                              sfr          000000
__Lsivt_hi                          sivt_hi      000000
__Lsivt_lo                          sivt_lo      000018
__Lsmallconst                       smallconst   000000
__Lspace_0                          (abs)        000000
__Lspace_1                          (abs)        000000
__Lspace_2                          (abs)        000000
__Lspace_4                          (abs)        000000
__Lstack                            stack        000000
__Lstruct                           struct       000000
__Ltemp                             temp         00005D
__Ltext                             text         000000
__Ltext0                            text0        000000
__Ltext1                            text1        000000
__Ltext10                           text10       000000
__Ltext11                           text11       000000
__Ltext12                           text12       000000
__Ltext13                           text13       000000
__Ltext14                           text14       000000
__Ltext15                           text15       000000
__Ltext16                           text16       000000
__Ltext17                           text17       000000
__Ltext18                           text18       000000
__Ltext19                           text19       000000
__Ltext2                            text2        000000
__Ltext20                           text20       000000
__Ltext21                           text21       000000
__Ltext22                           text22       000000
__Ltext23                           text23       000000
__Ltext24                           text24       000000
__Ltext25                           text25       000000
__Ltext26                           text26       000000
__Ltext27                           text27       000000
__Ltext28                           text28       000000
__Ltext29                           text29       000000
__Ltext3                            text3        000000
__Ltext30                           text30       000000
__Ltext31                           text31       000000
__Ltext32                           text32       000000
__Ltext33                           text33       000000
__Ltext34                           text34       000000
__Ltext35                           text35       000000
__Ltext36                           text36       000000
__Ltext37                           text37       000000
__Ltext38                           text38       000000
__Ltext39                           text39       000000
__Ltext4                            text4        000000
__Ltext40                           text40       000000
__Ltext41                           text41       000000
__Ltext42                           text42       000000
__Ltext43                           text43       000000
__Ltext44                           text44       000000
__Ltext45                           text45       000000
__Ltext46                           text46       000000
__Ltext47                           text47       000000
__Ltext48                           text48       000000
__Ltext49                           text49       000000
__Ltext5                            text5        000000
__Ltext50                           text50       000000
__Ltext51                           text51       000000
__Ltext52                           text52       000000
__Ltext53                           text53       000000
__Ltext54                           text54       000000
__Ltext55                           text55       000000
__Ltext56                           text56       000000
__Ltext57                           text57       000000
__Ltext58                           text58       000000
__Ltext59                           text59       000000
__Ltext6                            text6        000000
__Ltext60                           text60       000000
__Ltext7                            text7        000000
__Ltext8                            text8        000000
__Ltext9                            text9        000000
__S0                                (abs)        010000
__S1                                (abs)        000300
__S4                                (abs)        000000
__S5                                (abs)        000000
___aldiv                            text7        00198A
___aldiv@counter                    cstackCOMRAM 00000B
___aldiv@dividend                   cstackCOMRAM 000003
___aldiv@divisor                    cstackCOMRAM 000007
___aldiv@quotient                   cstackCOMRAM 00000D
___aldiv@sign                       cstackCOMRAM 00000C
___almod                            text6        001D8E
___almod@counter                    cstackCOMRAM 00000B
___almod@dividend                   cstackCOMRAM 000003
___almod@divisor                    cstackCOMRAM 000007
___almod@sign                       cstackCOMRAM 00000C
___awdiv                            text13       0020E8
___awdiv@counter                    cstackCOMRAM 000007
___awdiv@dividend                   cstackCOMRAM 000003
___awdiv@divisor                    cstackCOMRAM 000005
___awdiv@quotient                   cstackCOMRAM 000009
___awdiv@sign                       cstackCOMRAM 000008
___heap_hi                          (abs)        000000
___heap_lo                          (abs)        000000
___inthi_sp                         stack        000000
___inthi_stack_hi                   stack        000000
___inthi_stack_lo                   stack        000000
___intlo_sp                         stack        000000
___intlo_stack_hi                   stack        000000
___intlo_stack_lo                   stack        000000
___lmul                             text5        00281C
___lmul@multiplicand                cstackCOMRAM 000007
___lmul@multiplier                  cstackCOMRAM 000003
___lmul@product                     cstackCOMRAM 00000B
___lwdiv                            text21       0027A8
___lwdiv@counter                    cstackCOMRAM 000007
___lwdiv@dividend                   cstackCOMRAM 000003
___lwdiv@divisor                    cstackCOMRAM 000005
___lwdiv@quotient                   cstackCOMRAM 000008
___lwmod                            text20       002956
___lwmod@counter                    cstackCOMRAM 000007
___lwmod@dividend                   cstackCOMRAM 000003
___lwmod@divisor                    cstackCOMRAM 000005
___omul                             text36       0023CA
___omul@multiplicand                cstackCOMRAM 00000B
___omul@multiplier                  cstackCOMRAM 000003
___omul@product                     cstackCOMRAM 000013
___param_bank                       (abs)        000000
___rparam_used                      (abs)        000001
___sp                               stack        000000
___stack_hi                         stack        000000
___stack_lo                         stack        000000
___strtoxll                         text35       0000E4
___strtoxll$2282                    cstackCOMRAM 000033
___strtoxll$2283                    cstackCOMRAM 000035
___strtoxll@a                       cstackCOMRAM 000040
___strtoxll@base                    cstackCOMRAM 00001E
___strtoxll@c                       cstackCOMRAM 00004A
___strtoxll@cp                      cstackCOMRAM 000048
___strtoxll@endptr                  cstackCOMRAM 00001D
___strtoxll@flags                   cstackCOMRAM 00003F
___strtoxll@is_signed               cstackCOMRAM 000020
___strtoxll@limit                   cstackCOMRAM 000037
___strtoxll@prev_a                  cstackCOMRAM 00002B
___strtoxll@s                       cstackCOMRAM 00001B
___ungetbuf                         bssBANK0     0000AD
___ungetcnt                         bssBANK0     0000C8
__accesstop                         (abs)        000060
__activetblptr                      (abs)        000002
__end_of_ADC_init                   text60       002DDC
__end_of_LCD_clear                  text57       002D3E
__end_of_LCD_configure_cursor_blink text53       002D02
__end_of_LCD_cursor_set             text50       002A1A
__end_of_LCD_init                   text56       00272E
__end_of_LCD_pulse_clock            text59       002DD0
__end_of_LCD_write_char             text42       002DE6
__end_of_LCD_write_command          text58       001D8E
__end_of_LCD_write_data             text49       001C92
__end_of_LCD_write_string           text48       0027A8
__end_of_LCD_write_variable         text4        0015F4
__end_of_UART1_Init                 text55       002CDC
__end_of_UART1_SendChar             text52       002D84
__end_of_UART1_SendString           text51       002ACE
__end_of_UART_ISR                   intcode      0000E0
__end_of___aldiv                    text7        001A94
__end_of___almod                    text6        001E78
__end_of___awdiv                    text13       0021AA
__end_of___lmul                     text5        002886
__end_of___lwdiv                    text21       00281C
__end_of___lwmod                    text20       0029BA
__end_of___omul                     text36       002468
__end_of___strtoxll                 text35       00064E
__end_of__initialization            cinit        002A6A
__end_of_atox                       text30       0009B4
__end_of_ccp1_init                  text3        002D96
__end_of_clear_diagnostic_codes     text43       001114
__end_of_clear_parsing_notif        text47       002D6E
__end_of_diagnostic_trouble_codes   text40       00186C
__end_of_display_mm                 text46       002CB0
__end_of_display_system_info        text37       002D20
__end_of_extract_single_pid_byte    text22       0026AE
__end_of_extract_two_pid_bytes      text12       0023CA
__end_of_fgetc                      text33       001B96
__end_of_fputc                      text18       002324
__end_of_getch                      text34       002DEC
__end_of_input_init                 text54       002DB6
__end_of_live_reading_mode          text9        002DC4
__end_of_main                       text0        002956
__end_of_main_menu                  text8        000F22
__end_of_memset                     text41       002C4C
__end_of_parsing_notif              text45       002D56
__end_of_print_AI_Temp              text14       00198A
__end_of_print_ELMVer               text39       002624
__end_of_print_RPM                  text11       00173E
__end_of_print_SAEVer               text38       002594
__end_of_print_Vbatt                text10       001F5E
__end_of_putch                      text19       002DF2
__end_of_readADC                    text44       002C82
__end_of_skipws                     text31       0028F0
__end_of_sprintf                    text15       002BDA
__end_of_sscanf                     text27       002B5E
__end_of_strchr                     text26       002B1A
__end_of_strlen                     text25       002C14
__end_of_strncmp                    text24       002024
__end_of_strstr                     text23       00226A
__end_of_tmr1_init                  text2        002DA6
__end_of_ungetc                     text32       002504
__end_of_vfpfcnvrt                  text17       001480
__end_of_vfprintf                   text16       002BA0
__end_of_vfscanf                    text28       0020E8
__end_of_vfsfcnvrt                  text29       000CD0
__end_of_welcome_splash             text1        0012F0
__initialization                    cinit        002A1A
__mediumconst                       mediumconst  00FECC
__pbssBANK0                         bssBANK0     0000A9
__pbssBANK1                         bssBANK1     000100
__pbssBANK2                         bssBANK2     000200
__pbssCOMRAM                        bssCOMRAM    00005B
__pcinit                            cinit        002A1A
__pcstackBANK0                      cstackBANK0  000060
__pcstackCOMRAM                     cstackCOMRAM 000001
__pdataBANK0                        dataBANK0    0000EC
__pidataBANK0                       idataBANK0   002DEC
__pintcode                          intcode      000008
__pmediumconst                      mediumconst  00FECC
__ptext0                            text0        0028F0
__ptext1                            text1        001114
__ptext10                           text10       001E78
__ptext11                           text11       0015F4
__ptext12                           text12       002324
__ptext13                           text13       0020E8
__ptext14                           text14       00186C
__ptext15                           text15       002BA0
__ptext16                           text16       002B5E
__ptext17                           text17       0012F0
__ptext18                           text18       00226A
__ptext19                           text19       002DF0
__ptext2                            text2        002D96
__ptext20                           text20       002956
__ptext21                           text21       0027A8
__ptext22                           text22       002624
__ptext23                           text23       0021AA
__ptext24                           text24       001F5E
__ptext25                           text25       002BDA
__ptext26                           text26       002ACE
__ptext27                           text27       002B1A
__ptext28                           text28       002024
__ptext29                           text29       0009B4
__ptext3                            text3        002D84
__ptext30                           text30       00064E
__ptext31                           text31       002886
__ptext32                           text32       002468
__ptext33                           text33       001A94
__ptext34                           text34       002DE6
__ptext35                           text35       0000E4
__ptext36                           text36       0023CA
__ptext37                           text37       002D02
__ptext38                           text38       002504
__ptext39                           text39       002594
__ptext4                            text4        001480
__ptext40                           text40       00173E
__ptext41                           text41       002C14
__ptext42                           text42       002DDC
__ptext43                           text43       000F22
__ptext44                           text44       002C4C
__ptext45                           text45       002D3E
__ptext46                           text46       002C82
__ptext47                           text47       002D56
__ptext48                           text48       00272E
__ptext49                           text49       001B96
__ptext5                            text5        00281C
__ptext50                           text50       0029BA
__ptext51                           text51       002A78
__ptext52                           text52       002D6E
__ptext53                           text53       002CDC
__ptext54                           text54       002DA6
__ptext55                           text55       002CB0
__ptext56                           text56       0026AE
__ptext57                           text57       002D20
__ptext58                           text58       001C92
__ptext59                           text59       002DC4
__ptext6                            text6        001D8E
__ptext60                           text60       002DD0
__ptext7                            text7        00198A
__ptext8                            text8        000CD0
__ptext9                            text9        002DB6
__ramtop                            ramtop       001000
__smallconst                        mediumconst  00FECC
_air_intake_string                  bssBANK0     0000CC
_air_intake_temp                    bssBANK0     0000BC
_asup                               bssBANK0     0000C9
_atox                               text30       00064E
_buffer                             bssBANK2     000200
_buffer_count                       bssBANK0     0000CB
_ccp1_init                          text3        002D84
_clear_diagnostic_codes             text43       000F22
_clear_parsing_notif                text47       002D56
_dbuf                               bssBANK1     00013C
_dbuf@doscan$F2232                  bssBANK1     00015C
_diagnostic_trouble_codes           text40       00173E
_display_mm                         text46       002C82
_display_system_info                text37       002D02
_dtc_codes                          bssBANK1     000100
_errno                              bssBANK0     0000B6
_extract_single_pid_byte            text22       002624
_extract_two_pid_bytes              text12       002324
_fgetc                              text33       001A94
_flags                              bssBANK0     0000CA
_fputc                              text18       00226A
_getch                              text34       002DE6
_input_init                         text54       002DA6
_live_reading_mode                  text9        002DB6
_main                               text0        0028F0
_main_menu                          text8        000CD0
_memset                             text41       002C14
_menu_sel                           dataBANK0    0000EC
_message_complete                   bssCOMRAM    00005B
_ncnv                               bssBANK0     0000B2
_nmatch                             bssBANK0     0000B0
_parsing_notif                      text45       002D3E
_prec                               bssBANK0     0000BA
_print_AI_Temp                      text14       00186C
_print_ELMVer                       text39       002594
_print_RPM                          text11       0015F4
_print_SAEVer                       text38       002504
_print_Vbatt                        text10       001E78
_putch                              text19       002DF0
_readADC                            text44       002C4C
_result                             bssBANK0     0000C6
_rpm_string                         bssBANK0     0000DC
_skipws                             text31       002886
_sprintf                            text15       002BA0
_sscanf                             text27       002B1A
_strchr                             text26       002ACE
_strlen                             text25       002BDA
_strncmp                            text24       001F5E
_strstr                             text23       0021AA
_tmr1_init                          text2        002D96
_ungetc                             text32       002468
_vfpfcnvrt                          text17       0012F0
_vfprintf                           text16       002B5E
_vfscanf                            text28       002024
_vfsfcnvrt                          text29       0009B4
_welcome_splash                     text1        001114
_width                              bssBANK0     0000B8
_width@doscan$F2229                 bssBANK0     0000B4
atox@c                              cstackBANK0  000068
atox@ep                             cstackBANK0  000062
atox@fp                             cstackCOMRAM 00004B
atox@i                              cstackBANK0  000066
atox@pll                            cstackCOMRAM 00004C
atox@seen_0x                        cstackBANK0  000064
atox@w                              cstackBANK0  000060
btemp                               temp         00005D
clear_diagnostic_codes@opt_sel      cstackCOMRAM 00000D
diagnostic_trouble_codes@i          cstackCOMRAM 00000C
end_of_initialization               cinit        002A6A
extract_single_pid_byte@A           cstackBANK0  00009D
extract_single_pid_byte@a           cstackCOMRAM 000059
extract_single_pid_byte@pid         cstackBANK0  00009B
extract_single_pid_byte@ptr         cstackCOMRAM 000057
extract_two_pid_bytes@A             cstackBANK0  00009D
extract_two_pid_bytes@B             cstackBANK0  00009E
extract_two_pid_bytes@a             cstackBANK0  0000A1
extract_two_pid_bytes@b             cstackBANK0  0000A3
extract_two_pid_bytes@pid           cstackBANK0  00009B
extract_two_pid_bytes@ptr           cstackBANK0  00009F
fgetc@c                             cstackCOMRAM 00000C
fgetc@fp                            cstackCOMRAM 000005
fputc@c                             cstackCOMRAM 000003
fputc@fp                            cstackCOMRAM 000005
int$flags                           temp         00005D
intlevel0                           text         000000
intlevel1                           text         000000
intlevel2                           text         000000
intlevel3                           text         000000
isa$std                             (abs)        000001
isa$xinst                           (abs)        000000
memset@c                            cstackCOMRAM 000005
memset@dest                         cstackCOMRAM 000003
memset@n                            cstackCOMRAM 000007
memset@p                            cstackCOMRAM 000009
modff@F522                          bssBANK0     0000A9
print_AI_Temp@A                     cstackBANK0  00009F
print_RPM@A                         cstackCOMRAM 000059
print_RPM@B                         cstackCOMRAM 00005A
skipws@c                            cstackCOMRAM 000010
skipws@fp                           cstackCOMRAM 00000E
sprintf@ap                          cstackCOMRAM 000022
sprintf@f                           cstackCOMRAM 000023
sprintf@fmt                         cstackCOMRAM 00001E
sprintf@s                           cstackCOMRAM 00001D
sscanf@ap                           cstackBANK0  00008F
sscanf@f                            cstackBANK0  000090
sscanf@fmt                          cstackBANK0  000087
sscanf@ret                          cstackBANK0  00008D
sscanf@s                            cstackBANK0  000085
stackhi                             (abs)        000000
stacklo                             (abs)        000000
start                               init         0000E0
start_initialization                cinit        002A1A
strchr@c                            cstackCOMRAM 000005
strchr@s                            cstackCOMRAM 000003
strlen@a                            cstackCOMRAM 000005
strlen@s                            cstackCOMRAM 000003
strncmp@l                           cstackCOMRAM 000003
strncmp@n                           cstackCOMRAM 000007
strncmp@r                           cstackCOMRAM 000005
strstr@h                            cstackCOMRAM 00000A
strstr@n                            cstackCOMRAM 00000C
strstr@nl                           cstackCOMRAM 00000E
ttemp5                              temp         00005E
ttemp6                              temp         000061
ttemp7                              temp         000065
ungetc@c                            cstackCOMRAM 000003
ungetc@fp                           cstackCOMRAM 000005
vfpfcnvrt@ap                        cstackCOMRAM 00000D
vfpfcnvrt@c                         cstackCOMRAM 000016
vfpfcnvrt@convarg                   cstackCOMRAM 000012
vfpfcnvrt@cp                        cstackCOMRAM 000010
vfpfcnvrt@fmt                       cstackCOMRAM 00000C
vfpfcnvrt@fp                        cstackCOMRAM 00000B
vfprintf@ap                         cstackCOMRAM 00001A
vfprintf@cfmt                       cstackCOMRAM 00001B
vfprintf@fmt                        cstackCOMRAM 000018
vfprintf@fp                         cstackCOMRAM 000017
vfscanf@ap                          cstackBANK0  00007E
vfscanf@cfmt                        cstackBANK0  000083
vfscanf@fmt                         cstackBANK0  00007C
vfscanf@fp                          cstackBANK0  00007B
vfscanf@n                           cstackBANK0  000081
vfscanf@saved_errno                 cstackBANK0  00007F
vfsfcnvrt@ap                        cstackBANK0  00006C
vfsfcnvrt@c                         cstackBANK0  000079
vfsfcnvrt@fmt                       cstackBANK0  00006B
vfsfcnvrt@fp                        cstackBANK0  00006A
vfsfcnvrt@i                         cstackBANK0  00006F
vfsfcnvrt@llu                       cstackBANK0  000071
vfsfcnvrt@vp                        cstackBANK0  00006E
welcome_splash@CCP1IF_counter       cstackCOMRAM 000020
welcome_splash@plug_flag            cstackCOMRAM 00001E
wtemp8                              temp         00005E


MODULE INFORMATION

Module		Function		Class		Link	Load	Size
C:\Program Files\Microchip\xc8\v3.00\pic\sources\c99\common\__strtoxll.c
		___strtoxll    		CODE           	00E4	0000	1386

C:\Program Files\Microchip\xc8\v3.00\pic\sources\c99\common\__strtoxll.c estimated size: 1386

C:\Program Files\Microchip\xc8\v3.00\pic\sources\c99\common\nf_getc.c
		_fgetc         		CODE           	1A94	0000	258
		_ungetc        		CODE           	2468	0000	156

C:\Program Files\Microchip\xc8\v3.00\pic\sources\c99\common\nf_getc.c estimated size: 414

C:\Program Files\Microchip\xc8\v3.00\pic\sources\c99\common\nf_fputc.c
		_fputc         		CODE           	226A	0000	186

C:\Program Files\Microchip\xc8\v3.00\pic\sources\c99\common\nf_fputc.c estimated size: 186

C:\Program Files\Microchip\xc8\v3.00\pic\sources\c99\common\doscan.c
		_vfsfcnvrt     		CODE           	09B4	0000	796
		_vfscanf       		CODE           	2024	0000	196
		_atox          		CODE           	064E	0000	870
		_skipws        		CODE           	2886	0000	106

C:\Program Files\Microchip\xc8\v3.00\pic\sources\c99\common\doscan.c estimated size: 1968

C:\Program Files\Microchip\xc8\v3.00\pic\sources\c99\common\strstr.c
		_strstr        		CODE           	21AA	0000	192

C:\Program Files\Microchip\xc8\v3.00\pic\sources\c99\common\strstr.c estimated size: 192

C:\Program Files\Microchip\xc8\v3.00\pic\sources\c99\common\Umul64.c
		___omul        		CODE           	23CA	0000	158

C:\Program Files\Microchip\xc8\v3.00\pic\sources\c99\common\Umul64.c estimated size: 158

OBCII_PIC18F46K22.c
		_welcome_splash		CODE           	1114	0000	476
		_parsing_notif 		CODE           	2D3E	0000	24
		_display_mm    		CODE           	2C82	0000	46
		_print_AI_Temp 		CODE           	186C	0000	286
		_extract_single_pid_byte		CODE           	2624	0000	138
		_extract_two_pid_bytes		CODE           	2324	0000	166
		_main          		CODE           	28F0	0000	102
		_input_init    		CODE           	2DA6	0000	16
		_ADC_init      		CODE           	2DD0	0000	12
		_display_system_info		CODE           	2D02	0000	30
		_ccp1_init     		CODE           	2D84	0000	18
		_UART1_SendString		CODE           	2A78	0000	86
		_UART1_Init    		CODE           	2CB0	0000	44
		_live_reading_mode		CODE           	2DB6	0000	14
		_print_SAEVer  		CODE           	2504	0000	144
		_clear_parsing_notif		CODE           	2D56	0000	24
		_print_Vbatt   		CODE           	1E78	0000	230
		_UART1_SendChar		CODE           	2D6E	0000	22
		_main_menu     		CODE           	0CD0	0000	594
		_UART_ISR      		CODE           	0008	0000	216
		_diagnostic_trouble_codes		CODE           	173E	0000	302
		_print_RPM     		CODE           	15F4	0000	330
		_clear_diagnostic_codes		CODE           	0F22	0000	498
		_print_ELMVer  		CODE           	2594	0000	144
		_readADC       		CODE           	2C4C	0000	54
		_tmr1_init     		CODE           	2D96	0000	16

OBCII_PIC18F46K22.c estimated size: 4032

C:\Program Files\Microchip\xc8\v3.00\pic\sources\c99\common\nf_sprintf.c
		_sprintf       		CODE           	2BA0	0000	58

C:\Program Files\Microchip\xc8\v3.00\pic\sources\c99\common\nf_sprintf.c estimated size: 58

C:\Program Files\Microchip\xc8\v3.00\pic\sources\c99\common\lwmod.c
		___lwmod       		CODE           	2956	0000	100

C:\Program Files\Microchip\xc8\v3.00\pic\sources\c99\common\lwmod.c estimated size: 100

C:\Program Files\Microchip\xc8\v3.00\pic\sources\c99\common\putch.c
		_putch         		CODE           	2DF0	0000	2

C:\Program Files\Microchip\xc8\v3.00\pic\sources\c99\common\putch.c estimated size: 2

C:\Program Files\Microchip\xc8\v3.00\pic\sources\c99\common\strncmp.c
		_strncmp       		CODE           	1F5E	0000	198

C:\Program Files\Microchip\xc8\v3.00\pic\sources\c99\common\strncmp.c estimated size: 198

C:\Program Files\Microchip\xc8\v3.00\pic\sources\c99\common\Umul32.c
		___lmul        		CODE           	281C	0000	106

C:\Program Files\Microchip\xc8\v3.00\pic\sources\c99\common\Umul32.c estimated size: 106

C:\Program Files\Microchip\xc8\v3.00\pic\sources\c99\common\almod.c
		___almod       		CODE           	1D8E	0000	234

C:\Program Files\Microchip\xc8\v3.00\pic\sources\c99\common\almod.c estimated size: 234

shared
		__initialization		CODE           	2A1A	0000	80

shared estimated size: 80

C:\Program Files\Microchip\xc8\v3.00\pic\sources\c99\common\strlen.c
		_strlen        		CODE           	2BDA	0000	58

C:\Program Files\Microchip\xc8\v3.00\pic\sources\c99\common\strlen.c estimated size: 58

C:\Program Files\Microchip\xc8\v3.00\pic\sources\c99\common\strchr.c
		_strchr        		CODE           	2ACE	0000	76

C:\Program Files\Microchip\xc8\v3.00\pic\sources\c99\common\strchr.c estimated size: 76

C:\Program Files\Microchip\xc8\v3.00\pic\sources\c99\common\memset.c
		_memset        		CODE           	2C14	0000	56

C:\Program Files\Microchip\xc8\v3.00\pic\sources\c99\common\memset.c estimated size: 56

C:\Program Files\Microchip\xc8\v3.00\pic\sources\c99\common\lwdiv.c
		___lwdiv       		CODE           	27A8	0000	116

C:\Program Files\Microchip\xc8\v3.00\pic\sources\c99\common\lwdiv.c estimated size: 116

C:\Program Files\Microchip\xc8\v3.00\pic\sources\c99\common\nf_sscanf.c
		_sscanf        		CODE           	2B1A	0000	68

C:\Program Files\Microchip\xc8\v3.00\pic\sources\c99\common\nf_sscanf.c estimated size: 68

C:\Program Files\Microchip\xc8\v3.00\pic\sources\c99\common\awdiv.c
		___awdiv       		CODE           	20E8	0000	194

C:\Program Files\Microchip\xc8\v3.00\pic\sources\c99\common\awdiv.c estimated size: 194

C:\Program Files\Microchip\xc8\v3.00\pic\sources\c99\common\getch.c
		_getch         		CODE           	2DE6	0000	6

C:\Program Files\Microchip\xc8\v3.00\pic\sources\c99\common\getch.c estimated size: 6

C:\Program Files\Microchip\xc8\v3.00\pic\sources\c99\common\aldiv.c
		___aldiv       		CODE           	198A	0000	266

C:\Program Files\Microchip\xc8\v3.00\pic\sources\c99\common\aldiv.c estimated size: 266

C:\Program Files\Microchip\xc8\v3.00\pic\sources\c99\common\doprnt.c
		_vfpfcnvrt     		CODE           	12F0	0000	400
		_vfprintf      		CODE           	2B5E	0000	66

C:\Program Files\Microchip\xc8\v3.00\pic\sources\c99\common\doprnt.c estimated size: 466

LCD.c
		_LCD_clear     		CODE           	2D20	0000	30
		_LCD_configure_cursor_blink		CODE           	2CDC	0000	38
		_LCD_cursor_set		CODE           	29BA	0000	96
		_LCD_write_string		CODE           	272E	0000	122
		_LCD_write_command		CODE           	1C92	0000	252
		_LCD_init      		CODE           	26AE	0000	128
		_LCD_write_data		CODE           	1B96	0000	252
		_LCD_write_char		CODE           	2DDC	0000	10
		_LCD_write_variable		CODE           	1480	0000	372
		_LCD_pulse_clock		CODE           	2DC4	0000	12

LCD.c estimated size: 1312

