Microchip MPLAB XC8 Compiler V3.00

Linker command line:

-W-3 \
  --edf=C:\Program Files\Microchip\xc8\v3.00\pic\dat\20241204225717_en.msgs \
  -cn -h+dist/default/debug\OBDII_PIC18F46k22.X.debug.sym \
  --cmf=dist/default/debug\OBDII_PIC18F46k22.X.debug.cmf -z -Q18F46K22 \
  -oC:\Users\LUCALA~1\AppData\Local\Temp\xcAsus4.\driver_tmp_3.o \
  --defsym=__MPLAB_BUILD=1 --fixupoverflow=error \
  -Mdist/default/debug/OBDII_PIC18F46k22.X.debug.map \
  --md=C:\Users\LUCALA~1\AppData\Local\Temp\xcAsus4.\driver_tmp_0.dat -E1 \
  -ver=XC8 Compiler -ACODE=00h-0FFFFh -ACONST=00h-0FFFFh \
  -ASMALLCONST=01000h-010FFhx240 -AMEDIUMCONST=01000h-0FFFFh \
  -ACOMRAM=01h-05Fh -AABS1=00h-0F37h -ABIGRAM=01h-0F37h \
  -ARAM=060h-0FFh,0100h-01FFhx14,0F00h-0F37h -ABANK0=060h-0FFh \
  -ABANK1=0100h-01FFh -ABANK2=0200h-02FFh -ABANK3=0300h-03FFh \
  -ABANK4=0400h-04FFh -ABANK5=0500h-05FFh -ABANK6=0600h-06FFh \
  -ABANK7=0700h-07FFh -ABANK8=0800h-08FFh -ABANK9=0900h-09FFh \
  -ABANK10=0A00h-0AFFh -ABANK11=0B00h-0BFFh -ABANK12=0C00h-0CFFh \
  -ABANK13=0D00h-0DFFh -ABANK14=0E00h-0EFFh -ABANK15=0F00h-0F37h \
  -ASFR=0F38h-0F5Fh,0F60h-0FFFh -ABIGSFR=0F38h-0FFFh \
  -ACONFIG=0300000h-030000Dh -AIDLOC=0200000h-0200007h \
  -AEEDATA=0F00000h-0F003FFh -peeprom_data=EEDATA \
  -preset_vec=00h,intcode=8h,intcodelo=18h,sivt_lo,sivt_hi=CODE \
  -ppowerup=CODE,init -pramtop=01000h -psmallconst=SMALLCONST \
  -pmediumconst=MEDIUMCONST -pconst=CONST -AFARRAM=00h-00h \
  -prdata=COMRAM,nvrram=COMRAM,nvbit=COMRAM,rbss=COMRAM,rbit=COMRAM \
  -pfarbss=FARRAM,fardata=FARRAM,nvFARRAM=FARRAM \
  -pintsave_regs=BIGRAM,bigbss=BIGRAM,bigdata=BIGRAM -pbss=RAM \
  -pidata=CODE,irdata=CODE,ibigdata=CODE,ifardata=CODE -prparam=COMRAM \
  C:\Users\LUCALA~1\AppData\Local\Temp\xcAsus4.\driver_tmp_14.o \
  dist/default/debug\OBDII_PIC18F46k22.X.debug.o 

Object code version is 3.11

Machine type is 18F46K22



                Name                               Link     Load   Length Selector   Space Scale
C:\Users\LUCALA~1\AppData\Local\Temp\xcAsus4.\driver_tmp_14.o
                config                           300000   300000        E        0       4
                init                                 D2       D2        4        4       0
                reset_vec                             0        0        4        0       0
dist/default/debug\OBDII_PIC18F46k22.X.debug.o
                intcode                               8        8       CA        4       0
                config                           300000   300000        E        0       4
                temp                                 5C       5C        1        1       1
                smallconst                         1000     1000       A2      800       0
                text35                             204A     204A        C      851       0
                text34                             203E     203E        C      851       0
                text33                             1650     1650       FC      851       0
                text32                             1FDA     1FDA       1C      851       0
                text31                             1AB2     1AB2       7C      851       0
                text30                             1F66     1F66       2C      851       0
                text29                             202E     202E       10      851       0
                text28                             1FB8     1FB8       22      851       0
                text27                             1CE2     1CE2       60      851       0
                text26                             1554     1554       FC      851       0
                text25                             1B2E     1B2E       7A      851       0
                text24                             1EFC     1EFC       36      851       0
                text23                             1FF6     1FF6       16      851       0
                text22                             1D42     1D42       4A      851       0
                text21                             1DCE     1DCE       42      851       0
                text20                             1D8C     1D8C       42      851       0
                text19                             2056     2056        A      851       0
                text18                             1A34     1A34       7E      851       0
                text17                             1BA8     1BA8       74      851       0
                text16                             1C1C     1C1C       64      851       0
                text15                             2062     2062        2      851       0
                text14                             18F0     18F0       AA      851       0
                text13                             12EA     12EA      16A      851       0
                text12                             1E4E     1E4E       3E      851       0
                text11                             1F32     1F32       34      851       0
                text10                             181E     181E       D2      851       0
                text9                              1454     1454      100      851       0
                text8                              1E8C     1E8C       3A      851       0
                text7                              199A     199A       9A      851       0
                text6                              1F92     1F92       26      851       0
                text5                              1EC6     1EC6       36      851       0
                text4                              10A2     10A2      248      851       0
                text3                              200C     200C       12      851       0
                text2                              201E     201E       10      851       0
                text1                              174C     174C       D2      851       0
                text0                              1C80     1C80       62      851       0
                cstackCOMRAM                          1        1       33        1       1
                cstackBANK0                          B0       B0        2       60       1
                bssBANK0                             60       60       50       60       1
                dataCOMRAM                           5A       5A        2        1       1
                bssCOMRAM                            34       34       26        1       1
                cinit                              1E10     1E10       3E      851       0
                idataCOMRAM                        2060     2060        2      851       0

TOTAL           Name                               Link     Load   Length     Space
        CLASS   CODE           
                intcode                               8        8       CA         0
                init                                 D2       D2        4         0
                reset_vec                             0        0        4         0
                text35                             204A     204A        C         0
                text34                             203E     203E        C         0
                text33                             1650     1650       FC         0
                text32                             1FDA     1FDA       1C         0
                text31                             1AB2     1AB2       7C         0
                text30                             1F66     1F66       2C         0
                text29                             202E     202E       10         0
                text28                             1FB8     1FB8       22         0
                text27                             1CE2     1CE2       60         0
                text26                             1554     1554       FC         0
                text25                             1B2E     1B2E       7A         0
                text24                             1EFC     1EFC       36         0
                text23                             1FF6     1FF6       16         0
                text22                             1D42     1D42       4A         0
                text21                             1DCE     1DCE       42         0
                text20                             1D8C     1D8C       42         0
                text19                             2056     2056        A         0
                text18                             1A34     1A34       7E         0
                text17                             1BA8     1BA8       74         0
                text16                             1C1C     1C1C       64         0
                text15                             2062     2062        2         0
                text14                             18F0     18F0       AA         0
                text13                             12EA     12EA      16A         0
                text12                             1E4E     1E4E       3E         0
                text11                             1F32     1F32       34         0
                text10                             181E     181E       D2         0
                text9                              1454     1454      100         0
                text8                              1E8C     1E8C       3A         0
                text7                              199A     199A       9A         0
                text6                              1F92     1F92       26         0
                text5                              1EC6     1EC6       36         0
                text4                              10A2     10A2      248         0
                text3                              200C     200C       12         0
                text2                              201E     201E       10         0
                text1                              174C     174C       D2         0
                text0                              1C80     1C80       62         0
                cinit                              1E10     1E10       3E         0
                idataCOMRAM                        2060     2060        2         0

        CLASS   CONST          

        CLASS   SMALLCONST     
                smallconst                         1000     1000       A2         0

        CLASS   MEDIUMCONST    

        CLASS   COMRAM         
                temp                                 5C       5C        1         1
                cstackCOMRAM                          1        1       33         1
                dataCOMRAM                           5A       5A        2         1
                bssCOMRAM                            34       34       26         1

        CLASS   ABS1           

        CLASS   BIGRAM         

        CLASS   RAM            

        CLASS   BANK0          
                cstackBANK0                          B0       B0        2         1
                bssBANK0                             60       60       50         1

        CLASS   BANK1          

        CLASS   BANK2          

        CLASS   BANK3          

        CLASS   BANK4          

        CLASS   BANK5          

        CLASS   BANK6          

        CLASS   BANK7          

        CLASS   BANK8          

        CLASS   BANK9          

        CLASS   BANK10         

        CLASS   BANK11         

        CLASS   BANK12         

        CLASS   BANK13         

        CLASS   BANK14         

        CLASS   BANK15         

        CLASS   SFR            

        CLASS   BIGSFR         

        CLASS   CONFIG         
                config                           300000   300000        E         4

        CLASS   IDLOC          

        CLASS   EEDATA         

        CLASS   FARRAM         

        CLASS   HEAP           

        CLASS   STACK          



SEGMENTS        Name                           Load    Length   Top    Selector   Space  Class

                reset_vec                      000000  000004  000004         0       0  CODE    
                cstackCOMRAM                   000001  00005C  00005D         1       1  COMRAM  
                intcode                        000008  0000CE  0000D6         4       0  CODE    
                bssBANK0                       000060  000052  0000B2        60       1  BANK0   
                smallconst                     001000  0000A2  0010A2       800       0  SMALLCON
                text4                          0010A2  000FC2  002064       851       0  CODE    


UNUSED ADDRESS RANGES

        Name                Unused          Largest block    Delta
        BANK0            0000B2-0000FF               4E
        BANK1            000100-0001FF              100
        BANK10           000A00-000AFF              100
        BANK11           000B00-000BFF              100
        BANK12           000C00-000CFF              100
        BANK13           000D00-000DFF              100
        BANK14           000E00-000EFF              100
        BANK15           000F00-000F37               38
        BANK2            000200-0002FF              100
        BANK3            000300-0003FF              100
        BANK4            000400-0004FF              100
        BANK5            000500-0005FF              100
        BANK6            000600-0006FF              100
        BANK7            000700-0007FF              100
        BANK8            000800-0008FF              100
        BANK9            000900-0009FF              100
        BIGRAM           00005D-00005F                3
                         0000B2-000F37              E86
        BIGSFR           000F38-000FFF               C8
        CODE             000004-000007                4
                         0000D6-000FFF              F2A
                         002064-00FFFF             DF9C
        COMRAM           00005D-00005F                3
        CONST            000004-000007                4
                         0000D6-000FFF              F2A
                         002064-00FFFF             DF9C
        EEDATA           F00000-F003FF              400
        IDLOC            200000-200007                8
        MEDIUMCONST      002064-00FFFF             DF9C
        RAM              0000B2-000F37              100
        SFR              000F38-000FFF               28
        SMALLCONST       002064-00FFFF              100

                                  Symbol Table

?___lwdiv                           cstackCOMRAM 000003
?___lwmod                           cstackCOMRAM 000003
?_readADC                           cstackCOMRAM 000003
?_sprintf                           cstackCOMRAM 000019
?_vfprintf                          cstackCOMRAM 000015
LCD_configure_cursor_blink@state    cstackCOMRAM 000006
LCD_cursor_set@column               cstackCOMRAM 000006
LCD_cursor_set@row                  cstackCOMRAM 000007
LCD_write_command@command           cstackCOMRAM 000005
LCD_write_data@data                 cstackCOMRAM 000005
LCD_write_string@i                  cstackCOMRAM 00000A
LCD_write_string@string             cstackCOMRAM 000006
UART1_SendChar@c                    cstackCOMRAM 000003
UART1_SendString@i                  cstackCOMRAM 000006
UART1_SendString@string             cstackCOMRAM 000004
_ADCON0                             (abs)        000FC2
_ADCON0bits                         (abs)        000FC2
_ADCON1                             (abs)        000FC1
_ADCON2                             (abs)        000FC0
_ADC_init                           text35       00204A
_ADRESH                             (abs)        000FC4
_ADRESL                             (abs)        000FC3
_ANSELAbits                         (abs)        000F38
_ANSELBbits                         (abs)        000F39
_ANSELC                             (abs)        000F3A
_ANSELCbits                         (abs)        000F3A
_A_air_intake                       bssCOMRAM    00003E
_A_rpm                              bssCOMRAM    000044
_BAUDCON1bits                       (abs)        000FB8
_B_rpm                              bssCOMRAM    000042
_CCP1CONbits                        (abs)        000FBD
_CCPR1H                             (abs)        000FBF
_CCPR1L                             (abs)        000FBE
_INTCONbits                         (abs)        000FF2
_LATDbits                           (abs)        000F8C
_LCD_clear                          text32       001FDA
_LCD_configure_cursor_blink         text28       001FB8
_LCD_cursor_set                     text27       001CE2
_LCD_display_control                dataCOMRAM   00005B
_LCD_entry_mode                     dataCOMRAM   00005A
_LCD_init                           text31       001AB2
_LCD_pulse_clock                    text34       00203E
_LCD_write_command                  text33       001650
_LCD_write_data                     text26       001554
_LCD_write_string                   text25       001B2E
_OSCCON                             (abs)        000FD3
_PIE1bits                           (abs)        000F9D
_PIR1bits                           (abs)        000F9E
_PORTBbits                          (abs)        000F81
_PORTCbits                          (abs)        000F82
_RCREG1                             (abs)        000FAE
_RCSTA1bits                         (abs)        000FAB
_RCSTAbits                          (abs)        000FAB
_RPM                                bssCOMRAM    000040
_RX_char                            bssCOMRAM    000048
_SPBRG1                             (abs)        000FAF
_SPBRGH1                            (abs)        000FB0
_T1CONbits                          (abs)        000FCD
_TRISAbits                          (abs)        000F92
_TRISBbits                          (abs)        000F93
_TRISCbits                          (abs)        000F94
_TRISDbits                          (abs)        000F95
_TXREG                              (abs)        000FAD
_TXSTA1bits                         (abs)        000FAC
_TXSTAbits                          (abs)        000FAC
_UART1_Init                         text30       001F66
_UART1_SendChar                     text23       001FF6
_UART1_SendString                   text22       001D42
_UART_ISR                           intcode      000008
__HRAM                              (abs)        000000
__H__absolute__                     __absolute__ 000000
__Habs1                             abs1         000000
__Hbank0                            bank0        000000
__Hbank1                            bank1        000000
__Hbank10                           bank10       000000
__Hbank11                           bank11       000000
__Hbank12                           bank12       000000
__Hbank13                           bank13       000000
__Hbank14                           bank14       000000
__Hbank15                           bank15       000000
__Hbank2                            bank2        000000
__Hbank3                            bank3        000000
__Hbank4                            bank4        000000
__Hbank5                            bank5        000000
__Hbank6                            bank6        000000
__Hbank7                            bank7        000000
__Hbank8                            bank8        000000
__Hbank9                            bank9        000000
__Hbigbss                           bigbss       000000
__Hbigdata                          bigdata      000000
__Hbigram                           bigram       000000
__Hbigsfr                           bigsfr       000000
__Hbss                              bss          000000
__HbssBANK0                         bssBANK0     000000
__HbssCOMRAM                        bssCOMRAM    000000
__Hcinit                            cinit        000000
__Hclrtext                          clrtext      000000
__Hcomram                           comram       000000
__Hconfig                           config       30000E
__Hconst                            const        000000
__HcstackBANK0                      cstackBANK0  000000
__HcstackCOMRAM                     cstackCOMRAM 000000
__Hdata                             data         000000
__HdataCOMRAM                       dataCOMRAM   000000
__Heeprom_data                      eeprom_data  000000
__Hfarbss                           farbss       000000
__Hfardata                          fardata      000000
__Hheap                             heap         000000
__Hibigdata                         ibigdata     000000
__Hidata                            idata        000000
__HidataCOMRAM                      idataCOMRAM  000000
__Hidloc                            idloc        000000
__Hifardata                         ifardata     000000
__Hinit                             init         0000D6
__Hintcode                          intcode      0000D2
__Hintcode_body                     intcode_body 000000
__Hintcodelo                        intcodelo    000018
__Hintentry                         intentry     000000
__Hintret                           intret       000000
__Hintsave_regs                     intsave_regs 000000
__Hirdata                           irdata       000000
__Hmediumconst                      mediumconst  000000
__HnvFARRAM                         nvFARRAM     000000
__Hnvbit                            nvbit        000000
__Hnvrram                           nvrram       000000
__Hparam                            rparam       000000
__Hpowerup                          powerup      000000
__Hram                              ram          000000
__Hramtop                           ramtop       001000
__Hrbit                             rbit         000000
__Hrbss                             rbss         000000
__Hrdata                            rdata        000000
__Hreset_vec                        reset_vec    000004
__Hrparam                           rparam       000000
__Hsfr                              sfr          000000
__Hsivt_hi                          sivt_hi      000000
__Hsivt_lo                          sivt_lo      000018
__Hsmallconst                       smallconst   0010A2
__Hspace_0                          (abs)        002064
__Hspace_1                          (abs)        0000B2
__Hspace_2                          (abs)        000000
__Hspace_4                          (abs)        60000E
__Hstack                            stack        000000
__Hstruct                           struct       000000
__Htemp                             temp         00005D
__Htext                             text         000000
__Htext0                            text0        000000
__Htext1                            text1        000000
__Htext10                           text10       000000
__Htext11                           text11       000000
__Htext12                           text12       000000
__Htext13                           text13       000000
__Htext14                           text14       000000
__Htext15                           text15       000000
__Htext16                           text16       000000
__Htext17                           text17       000000
__Htext18                           text18       000000
__Htext19                           text19       000000
__Htext2                            text2        000000
__Htext20                           text20       000000
__Htext21                           text21       000000
__Htext22                           text22       000000
__Htext23                           text23       000000
__Htext24                           text24       000000
__Htext25                           text25       000000
__Htext26                           text26       000000
__Htext27                           text27       000000
__Htext28                           text28       000000
__Htext29                           text29       000000
__Htext3                            text3        000000
__Htext30                           text30       000000
__Htext31                           text31       000000
__Htext32                           text32       000000
__Htext33                           text33       000000
__Htext34                           text34       000000
__Htext35                           text35       000000
__Htext4                            text4        000000
__Htext5                            text5        000000
__Htext6                            text6        000000
__Htext7                            text7        000000
__Htext8                            text8        000000
__Htext9                            text9        000000
__LRAM                              (abs)        000001
__L__absolute__                     __absolute__ 000000
__Labs1                             abs1         000000
__Lbank0                            bank0        000000
__Lbank1                            bank1        000000
__Lbank10                           bank10       000000
__Lbank11                           bank11       000000
__Lbank12                           bank12       000000
__Lbank13                           bank13       000000
__Lbank14                           bank14       000000
__Lbank15                           bank15       000000
__Lbank2                            bank2        000000
__Lbank3                            bank3        000000
__Lbank4                            bank4        000000
__Lbank5                            bank5        000000
__Lbank6                            bank6        000000
__Lbank7                            bank7        000000
__Lbank8                            bank8        000000
__Lbank9                            bank9        000000
__Lbigbss                           bigbss       000000
__Lbigdata                          bigdata      000000
__Lbigram                           bigram       000000
__Lbigsfr                           bigsfr       000000
__Lbss                              bss          000000
__LbssBANK0                         bssBANK0     000000
__LbssCOMRAM                        bssCOMRAM    000000
__Lcinit                            cinit        000000
__Lclrtext                          clrtext      000000
__Lcomram                           comram       000000
__Lconfig                           config       000000
__Lconst                            const        000000
__LcstackBANK0                      cstackBANK0  000000
__LcstackCOMRAM                     cstackCOMRAM 000000
__Ldata                             data         000000
__LdataCOMRAM                       dataCOMRAM   000000
__Leeprom_data                      eeprom_data  000000
__Lfarbss                           farbss       000000
__Lfardata                          fardata      000000
__Lheap                             heap         000000
__Libigdata                         ibigdata     000000
__Lidata                            idata        000000
__LidataCOMRAM                      idataCOMRAM  000000
__Lidloc                            idloc        000000
__Lifardata                         ifardata     000000
__Linit                             init         0000D2
__Lintcode                          intcode      000008
__Lintcode_body                     intcode_body 000000
__Lintcodelo                        intcodelo    000018
__Lintentry                         intentry     000000
__Lintret                           intret       000000
__Lintsave_regs                     intsave_regs 000000
__Lirdata                           irdata       000000
__Lmediumconst                      mediumconst  000000
__LnvFARRAM                         nvFARRAM     000000
__Lnvbit                            nvbit        000000
__Lnvrram                           nvrram       000000
__Lparam                            rparam       000000
__Lpowerup                          powerup      000000
__Lram                              ram          000000
__Lramtop                           ramtop       001000
__Lrbit                             rbit         000000
__Lrbss                             rbss         000000
__Lrdata                            rdata        000000
__Lreset_vec                        reset_vec    000000
__Lrparam                           rparam       000000
__Lsfr                              sfr          000000
__Lsivt_hi                          sivt_hi      000000
__Lsivt_lo                          sivt_lo      000018
__Lsmallconst                       smallconst   001000
__Lspace_0                          (abs)        000000
__Lspace_1                          (abs)        000000
__Lspace_2                          (abs)        000000
__Lspace_4                          (abs)        000000
__Lstack                            stack        000000
__Lstruct                           struct       000000
__Ltemp                             temp         00005C
__Ltext                             text         000000
__Ltext0                            text0        000000
__Ltext1                            text1        000000
__Ltext10                           text10       000000
__Ltext11                           text11       000000
__Ltext12                           text12       000000
__Ltext13                           text13       000000
__Ltext14                           text14       000000
__Ltext15                           text15       000000
__Ltext16                           text16       000000
__Ltext17                           text17       000000
__Ltext18                           text18       000000
__Ltext19                           text19       000000
__Ltext2                            text2        000000
__Ltext20                           text20       000000
__Ltext21                           text21       000000
__Ltext22                           text22       000000
__Ltext23                           text23       000000
__Ltext24                           text24       000000
__Ltext25                           text25       000000
__Ltext26                           text26       000000
__Ltext27                           text27       000000
__Ltext28                           text28       000000
__Ltext29                           text29       000000
__Ltext3                            text3        000000
__Ltext30                           text30       000000
__Ltext31                           text31       000000
__Ltext32                           text32       000000
__Ltext33                           text33       000000
__Ltext34                           text34       000000
__Ltext35                           text35       000000
__Ltext4                            text4        000000
__Ltext5                            text5        000000
__Ltext6                            text6        000000
__Ltext7                            text7        000000
__Ltext8                            text8        000000
__Ltext9                            text9        000000
__S0                                (abs)        002064
__S1                                (abs)        0000B2
__S4                                (abs)        000000
__S5                                (abs)        000000
___heap_hi                          (abs)        000000
___heap_lo                          (abs)        000000
___inthi_sp                         stack        000000
___inthi_stack_hi                   stack        000000
___inthi_stack_lo                   stack        000000
___intlo_sp                         stack        000000
___intlo_stack_hi                   stack        000000
___intlo_stack_lo                   stack        000000
___lwdiv                            text17       001BA8
___lwdiv@counter                    cstackCOMRAM 000009
___lwdiv@dividend                   cstackCOMRAM 000003
___lwdiv@divisor                    cstackCOMRAM 000005
___lwdiv@quotient                   cstackCOMRAM 000007
___lwmod                            text16       001C1C
___lwmod@counter                    cstackCOMRAM 000007
___lwmod@dividend                   cstackCOMRAM 000003
___lwmod@divisor                    cstackCOMRAM 000005
___param_bank                       (abs)        000000
___rparam_used                      (abs)        000001
___sp                               stack        000000
___stack_hi                         stack        000000
___stack_lo                         stack        000000
__accesstop                         (abs)        000060
__activetblptr                      (abs)        000002
__end_of_ADC_init                   text35       002056
__end_of_LCD_clear                  text32       001FF6
__end_of_LCD_configure_cursor_blink text28       001FDA
__end_of_LCD_cursor_set             text27       001D42
__end_of_LCD_init                   text31       001B2E
__end_of_LCD_pulse_clock            text34       00204A
__end_of_LCD_write_command          text33       00174C
__end_of_LCD_write_data             text26       001650
__end_of_LCD_write_string           text25       001BA8
__end_of_UART1_Init                 text30       001F92
__end_of_UART1_SendChar             text23       00200C
__end_of_UART1_SendString           text22       001D8C
__end_of_UART_ISR                   intcode      0000D2
__end_of___lwdiv                    text17       001C1C
__end_of___lwmod                    text16       001C80
__end_of__initialization            cinit        001E40
__end_of_ccp1_init                  text3        00201E
__end_of_display_mm                 text24       001F32
__end_of_display_system_info        text19       002060
__end_of_fputc                      text14       00199A
__end_of_hex_char_to_value          text18       001AB2
__end_of_input_init                 text29       00203E
__end_of_live_reading_mode          text6        001FB8
__end_of_main                       text0        001CE2
__end_of_main_menu                  text4        0012EA
__end_of_print_AI_Temp              text10       0018F0
__end_of_print_ELMVer               text21       001E10
__end_of_print_RPM                  text9        001554
__end_of_print_SAEVer               text20       001DCE
__end_of_print_Vbatt                text7        001A34
__end_of_putch                      text15       002064
__end_of_readADC                    text5        001EFC
__end_of_sprintf                    text11       001F66
__end_of_strchr                     text8        001EC6
__end_of_tmr1_init                  text2        00202E
__end_of_vfpfcnvrt                  text13       001454
__end_of_vfprintf                   text12       001E8C
__end_of_welcome_splash             text1        00181E
__initialization                    cinit        001E10
__mediumconst                       smallconst   001000
__pbssBANK0                         bssBANK0     000060
__pbssCOMRAM                        bssCOMRAM    000034
__pcinit                            cinit        001E10
__pcstackBANK0                      cstackBANK0  0000B0
__pcstackCOMRAM                     cstackCOMRAM 000001
__pdataCOMRAM                       dataCOMRAM   00005A
__pidataCOMRAM                      idataCOMRAM  002060
__pintcode                          intcode      000008
__psmallconst                       smallconst   001000
__ptext0                            text0        001C80
__ptext1                            text1        00174C
__ptext10                           text10       00181E
__ptext11                           text11       001F32
__ptext12                           text12       001E4E
__ptext13                           text13       0012EA
__ptext14                           text14       0018F0
__ptext15                           text15       002062
__ptext16                           text16       001C1C
__ptext17                           text17       001BA8
__ptext18                           text18       001A34
__ptext19                           text19       002056
__ptext2                            text2        00201E
__ptext20                           text20       001D8C
__ptext21                           text21       001DCE
__ptext22                           text22       001D42
__ptext23                           text23       001FF6
__ptext24                           text24       001EFC
__ptext25                           text25       001B2E
__ptext26                           text26       001554
__ptext27                           text27       001CE2
__ptext28                           text28       001FB8
__ptext29                           text29       00202E
__ptext3                            text3        00200C
__ptext30                           text30       001F66
__ptext31                           text31       001AB2
__ptext32                           text32       001FDA
__ptext33                           text33       001650
__ptext34                           text34       00203E
__ptext35                           text35       00204A
__ptext4                            text4        0010A2
__ptext5                            text5        001EC6
__ptext6                            text6        001F92
__ptext7                            text7        00199A
__ptext8                            text8        001E8C
__ptext9                            text9        001454
__ramtop                            ramtop       001000
__smallconst                        smallconst   001000
_air_intake_string                  bssBANK0     0000A0
_air_intake_temp                    bssCOMRAM    00003C
_buffer                             bssBANK0     000080
_buffer_count                       bssCOMRAM    000049
_ccp1_init                          text3        00200C
_dbuf                               bssBANK0     000060
_display_mm                         text24       001EFC
_display_system_info                text19       002056
_flags                              bssCOMRAM    000046
_fputc                              text14       0018F0
_hex_char_to_value                  text18       001A34
_input_init                         text29       00202E
_live_reading_mode                  text6        001F92
_main                               text0        001C80
_main_menu                          text4        0010A2
_message_complete                   bssCOMRAM    000047
_prec                               bssCOMRAM    00003A
_print_AI_Temp                      text10       00181E
_print_ELMVer                       text21       001DCE
_print_RPM                          text9        001454
_print_SAEVer                       text20       001D8C
_print_Vbatt                        text7        00199A
_putch                              text15       002062
_readADC                            text5        001EC6
_rpm_string                         bssCOMRAM    00004A
_sprintf                            text11       001F32
_strchr                             text8        001E8C
_tmr1_init                          text2        00201E
_vfpfcnvrt                          text13       0012EA
_vfprintf                           text12       001E4E
_welcome_splash                     text1        00174C
_width                              bssCOMRAM    000038
btemp                               temp         00005C
end_of_initialization               cinit        001E40
fputc@c                             cstackCOMRAM 000003
fputc@fp                            cstackCOMRAM 000005
hex_char_to_value@c                 cstackCOMRAM 000003
int$flags                           temp         00005C
intlevel0                           text         000000
intlevel1                           text         000000
intlevel2                           text         000000
intlevel3                           text         000000
isa$std                             (abs)        000001
isa$xinst                           (abs)        000000
main_menu@menu_sel                  cstackCOMRAM 000030
main_menu@result                    cstackCOMRAM 000032
sprintf@ap                          cstackCOMRAM 00001D
sprintf@f                           cstackCOMRAM 00001E
sprintf@fmt                         cstackCOMRAM 00001A
sprintf@s                           cstackCOMRAM 000019
stackhi                             (abs)        000000
stacklo                             (abs)        000000
start                               init         0000D2
start_initialization                cinit        001E10
strchr@c                            cstackCOMRAM 000004
strchr@s                            cstackCOMRAM 000003
ttemp5                              temp         00005D
ttemp6                              temp         000060
ttemp7                              temp         000064
vfpfcnvrt@ap                        cstackCOMRAM 00000D
vfpfcnvrt@c                         cstackCOMRAM 000014
vfpfcnvrt@convarg                   cstackCOMRAM 00000F
vfpfcnvrt@cp                        cstackCOMRAM 000013
vfpfcnvrt@fmt                       cstackCOMRAM 00000C
vfpfcnvrt@fp                        cstackCOMRAM 00000B
vfprintf@ap                         cstackCOMRAM 000017
vfprintf@cfmt                       cstackCOMRAM 000018
vfprintf@fmt                        cstackCOMRAM 000016
vfprintf@fp                         cstackCOMRAM 000015
welcome_splash@CCP1IF_counter       cstackCOMRAM 00000D
welcome_splash@plug_flag            cstackCOMRAM 00000B
wtemp8                              temp         00005D


MODULE INFORMATION

Module		Function		Class		Link	Load	Size
C:\Program Files\Microchip\xc8\v3.00\pic\sources\c99\common\nf_fputc.c
		_fputc         		CODE           	18F0	0000	170

C:\Program Files\Microchip\xc8\v3.00\pic\sources\c99\common\nf_fputc.c estimated size: 170

OBCII_PIC18F46K22.c
		_welcome_splash		CODE           	174C	0000	210
		_display_mm    		CODE           	1EFC	0000	54
		_print_AI_Temp 		CODE           	181E	0000	210
		_main          		CODE           	1C80	0000	98
		_input_init    		CODE           	202E	0000	16
		_ADC_init      		CODE           	204A	0000	12
		_display_system_info		CODE           	2056	0000	10
		_ccp1_init     		CODE           	200C	0000	18
		_UART1_SendString		CODE           	1D42	0000	74
		_UART1_Init    		CODE           	1F66	0000	44
		_live_reading_mode		CODE           	1F92	0000	38
		_print_SAEVer  		CODE           	1D8C	0000	66
		_hex_char_to_value		CODE           	1A34	0000	126
		_print_Vbatt   		CODE           	199A	0000	154
		_UART1_SendChar		CODE           	1FF6	0000	22
		_main_menu     		CODE           	10A2	0000	584
		_UART_ISR      		CODE           	0008	0000	202
		_print_RPM     		CODE           	1454	0000	256
		_print_ELMVer  		CODE           	1DCE	0000	66
		_readADC       		CODE           	1EC6	0000	54
		_tmr1_init     		CODE           	201E	0000	16

OBCII_PIC18F46K22.c estimated size: 2330

C:\Program Files\Microchip\xc8\v3.00\pic\sources\c99\common\nf_sprintf.c
		_sprintf       		CODE           	1F32	0000	52

C:\Program Files\Microchip\xc8\v3.00\pic\sources\c99\common\nf_sprintf.c estimated size: 52

C:\Program Files\Microchip\xc8\v3.00\pic\sources\c99\common\lwmod.c
		___lwmod       		CODE           	1C1C	0000	100

C:\Program Files\Microchip\xc8\v3.00\pic\sources\c99\common\lwmod.c estimated size: 100

C:\Program Files\Microchip\xc8\v3.00\pic\sources\c99\common\putch.c
		_putch         		CODE           	2062	0000	2

C:\Program Files\Microchip\xc8\v3.00\pic\sources\c99\common\putch.c estimated size: 2

shared
		__initialization		CODE           	1E10	0000	48

shared estimated size: 48

C:\Program Files\Microchip\xc8\v3.00\pic\sources\c99\common\strchr.c
		_strchr        		CODE           	1E8C	0000	58

C:\Program Files\Microchip\xc8\v3.00\pic\sources\c99\common\strchr.c estimated size: 58

C:\Program Files\Microchip\xc8\v3.00\pic\sources\c99\common\lwdiv.c
		___lwdiv       		CODE           	1BA8	0000	116

C:\Program Files\Microchip\xc8\v3.00\pic\sources\c99\common\lwdiv.c estimated size: 116

C:\Program Files\Microchip\xc8\v3.00\pic\sources\c99\common\doprnt.c
		_vfpfcnvrt     		CODE           	12EA	0000	362
		_vfprintf      		CODE           	1E4E	0000	62

C:\Program Files\Microchip\xc8\v3.00\pic\sources\c99\common\doprnt.c estimated size: 424

LCD.c
		_LCD_clear     		CODE           	1FDA	0000	28
		_LCD_configure_cursor_blink		CODE           	1FB8	0000	34
		_LCD_cursor_set		CODE           	1CE2	0000	96
		_LCD_write_string		CODE           	1B2E	0000	122
		_LCD_write_command		CODE           	1650	0000	252
		_LCD_init      		CODE           	1AB2	0000	124
		_LCD_write_data		CODE           	1554	0000	252
		_LCD_pulse_clock		CODE           	203E	0000	12

LCD.c estimated size: 920

