Microchip MPLAB XC8 Compiler V3.00

Linker command line:

-W-3 \
  --edf=C:\Program Files\Microchip\xc8\v3.00\pic\dat\20241204225717_en.msgs \
  -cn -h+dist/default/debug\OBDII_PIC18F46k22.X.debug.sym \
  --cmf=dist/default/debug\OBDII_PIC18F46k22.X.debug.cmf -z -Q18F46K22 \
  -oC:\Users\LUCALA~1\AppData\Local\Temp\xcAs12mg.\driver_tmp_3.o \
  --defsym=__MPLAB_BUILD=1 --fixupoverflow=error \
  -Mdist/default/debug/OBDII_PIC18F46k22.X.debug.map \
  --md=C:\Users\LUCALA~1\AppData\Local\Temp\xcAs12mg.\driver_tmp_0.dat -E1 \
  -ver=XC8 Compiler -ACODE=00h-0FFFFh -ACONST=00h-0FFFFh \
  -ASMALLCONST=01000h-010FFhx240 -AMEDIUMCONST=01000h-0FFFFh \
  -ACOMRAM=01h-05Fh -AABS1=00h-0F37h -ABIGRAM=01h-0F37h \
  -ARAM=060h-0FFh,0100h-01FFhx14,0F00h-0F37h -ABANK0=060h-0FFh \
  -ABANK1=0100h-01FFh -ABANK2=0200h-02FFh -ABANK3=0300h-03FFh \
  -ABANK4=0400h-04FFh -ABANK5=0500h-05FFh -ABANK6=0600h-06FFh \
  -ABANK7=0700h-07FFh -ABANK8=0800h-08FFh -ABANK9=0900h-09FFh \
  -ABANK10=0A00h-0AFFh -ABANK11=0B00h-0BFFh -ABANK12=0C00h-0CFFh \
  -ABANK13=0D00h-0DFFh -ABANK14=0E00h-0EFFh -ABANK15=0F00h-0F37h \
  -ASFR=0F38h-0F5Fh,0F60h-0FFFh -ABIGSFR=0F38h-0FFFh \
  -ACONFIG=0300000h-030000Dh -AIDLOC=0200000h-0200007h \
  -AEEDATA=0F00000h-0F003FFh -peeprom_data=EEDATA \
  -preset_vec=00h,intcode=8h,intcodelo=18h,sivt_lo,sivt_hi=CODE \
  -ppowerup=CODE,init -pramtop=01000h -psmallconst=SMALLCONST \
  -pmediumconst=MEDIUMCONST -pconst=CONST -AFARRAM=00h-00h \
  -prdata=COMRAM,nvrram=COMRAM,nvbit=COMRAM,rbss=COMRAM,rbit=COMRAM \
  -pfarbss=FARRAM,fardata=FARRAM,nvFARRAM=FARRAM \
  -pintsave_regs=BIGRAM,bigbss=BIGRAM,bigdata=BIGRAM -pbss=RAM \
  -pidata=CODE,irdata=CODE,ibigdata=CODE,ifardata=CODE -prparam=COMRAM \
  C:\Users\LUCALA~1\AppData\Local\Temp\xcAs12mg.\driver_tmp_9.o \
  dist/default/debug\OBDII_PIC18F46k22.X.debug.o 

Object code version is 3.11

Machine type is 18F46K22



                Name                               Link     Load   Length Selector   Space Scale
C:\Users\LUCALA~1\AppData\Local\Temp\xcAs12mg.\driver_tmp_9.o
                config                           300000   300000        E        0       4
                init                               FFFC     FFFC        4     7FFE       0
                reset_vec                             0        0        4        0       0
dist/default/debug\OBDII_PIC18F46k22.X.debug.o
                config                           300000   300000        E        0       4
                smallconst                         1000     1000        2      800       0
                text10                             1434     1434        C      801       0
                text9                              10FE     10FE       FC      801       0
                text8                              1418     1418       1C      801       0
                text7                              11FA     11FA       7C      801       0
                text6                              13A0     13A0       2C      801       0
                text5                              12DE     12DE       60      801       0
                text4                              1002     1002       FC      801       0
                text3                              1370     1370       30      801       0
                text2                              13F6     13F6       22      801       0
                text1                              1276     1276       68      801       0
                text0                              133E     133E       32      801       0
                cstackCOMRAM                         27       27        8        1       1
                dataCOMRAM                           2F       2F        2        1       1
                bssCOMRAM                             1        1       26        1       1
                cinit                              13CC     13CC       2A      801       0
                idataCOMRAM                        1440     1440        2      801       0

TOTAL           Name                               Link     Load   Length     Space
        CLASS   CODE           
                init                               FFFC     FFFC        4         0
                reset_vec                             0        0        4         0
                text10                             1434     1434        C         0
                text9                              10FE     10FE       FC         0
                text8                              1418     1418       1C         0
                text7                              11FA     11FA       7C         0
                text6                              13A0     13A0       2C         0
                text5                              12DE     12DE       60         0
                text4                              1002     1002       FC         0
                text3                              1370     1370       30         0
                text2                              13F6     13F6       22         0
                text1                              1276     1276       68         0
                text0                              133E     133E       32         0
                cinit                              13CC     13CC       2A         0
                idataCOMRAM                        1440     1440        2         0

        CLASS   CONST          

        CLASS   SMALLCONST     
                smallconst                         1000     1000        2         0

        CLASS   MEDIUMCONST    

        CLASS   COMRAM         
                cstackCOMRAM                         27       27        8         1
                dataCOMRAM                           2F       2F        2         1
                bssCOMRAM                             1        1       26         1

        CLASS   ABS1           

        CLASS   BIGRAM         

        CLASS   RAM            

        CLASS   BANK0          

        CLASS   BANK1          

        CLASS   BANK2          

        CLASS   BANK3          

        CLASS   BANK4          

        CLASS   BANK5          

        CLASS   BANK6          

        CLASS   BANK7          

        CLASS   BANK8          

        CLASS   BANK9          

        CLASS   BANK10         

        CLASS   BANK11         

        CLASS   BANK12         

        CLASS   BANK13         

        CLASS   BANK14         

        CLASS   BANK15         

        CLASS   SFR            

        CLASS   BIGSFR         

        CLASS   CONFIG         
                config                           300000   300000        E         4

        CLASS   IDLOC          

        CLASS   EEDATA         

        CLASS   FARRAM         

        CLASS   HEAP           

        CLASS   STACK          



SEGMENTS        Name                           Load    Length   Top    Selector   Space  Class

                reset_vec                      000000  000004  000004         0       0  CODE    
                bssCOMRAM                      000001  000030  000031         1       1  COMRAM  
                smallconst                     001000  000002  001002       800       0  SMALLCON
                text4                          001002  000440  001442       801       0  CODE    
                init                           00FFFC  000004  010000      7FFE       0  CODE    


UNUSED ADDRESS RANGES

        Name                Unused          Largest block    Delta
        BANK0            000060-0000FF               A0
        BANK1            000100-0001FF              100
        BANK10           000A00-000AFF              100
        BANK11           000B00-000BFF              100
        BANK12           000C00-000CFF              100
        BANK13           000D00-000DFF              100
        BANK14           000E00-000EFF              100
        BANK15           000F00-000F37               38
        BANK2            000200-0002FF              100
        BANK3            000300-0003FF              100
        BANK4            000400-0004FF              100
        BANK5            000500-0005FF              100
        BANK6            000600-0006FF              100
        BANK7            000700-0007FF              100
        BANK8            000800-0008FF              100
        BANK9            000900-0009FF              100
        BIGRAM           000031-000F37              F07
        BIGSFR           000F38-000FFF               C8
        CODE             000004-000FFF              FFC
                         001442-00FFFB             EBBA
        COMRAM           000031-00005F               2F
        CONST            000004-000FFF              FFC
                         001442-00FFFB             EBBA
        EEDATA           F00000-F003FF              400
        IDLOC            200000-200007                8
        MEDIUMCONST      001442-00FFFB             EBBA
        RAM              000060-000F37              100
        SFR              000F38-000FFF               28
        SMALLCONST       001442-00FFFB              100

                                  Symbol Table

LCD_cursor_set@column      cstackCOMRAM 00002A
LCD_cursor_set@row         cstackCOMRAM 00002B
LCD_write_command@command  cstackCOMRAM 000029
LCD_write_data@data        cstackCOMRAM 000029
LCD_write_string@i         cstackCOMRAM 00002B
LCD_write_string@string    cstackCOMRAM 00002A
_ANSELC                    (abs)        000F3A
_BAUDCON1bits              (abs)        000FB8
_INTCONbits                (abs)        000FF2
_LATDbits                  (abs)        000F8C
_LCD_clear                 text8        001418
_LCD_cursor_set            text5        0012DE
_LCD_display_control       dataCOMRAM   000030
_LCD_entry_mode            dataCOMRAM   00002F
_LCD_init                  text7        0011FA
_LCD_pulse_clock           text10       001434
_LCD_write_command         text9        0010FE
_LCD_write_data            text4        001002
_LCD_write_string          text3        001370
_OSCCON                    (abs)        000FD3
_PIE1bits                  (abs)        000F9D
_PIR1bits                  (abs)        000F9E
_RCSTA1bits                (abs)        000FAB
_RCSTAbits                 (abs)        000FAB
_RX_char                   bssCOMRAM    000005
_SPBRG1                    (abs)        000FAF
_SPBRGH1                   (abs)        000FB0
_TRISCbits                 (abs)        000F94
_TRISDbits                 (abs)        000F95
_TXREG                     (abs)        000FAD
_TXSTA1bits                (abs)        000FAC
_TXSTAbits                 (abs)        000FAC
_UART1_Init                text6        0013A0
_UART1_Read                text2        0013F6
_UART1_Save_Buffer         text1        001276
__HRAM                     (abs)        000000
__H__absolute__            __absolute__ 000000
__Habs1                    abs1         000000
__Hbank0                   bank0        000000
__Hbank1                   bank1        000000
__Hbank10                  bank10       000000
__Hbank11                  bank11       000000
__Hbank12                  bank12       000000
__Hbank13                  bank13       000000
__Hbank14                  bank14       000000
__Hbank15                  bank15       000000
__Hbank2                   bank2        000000
__Hbank3                   bank3        000000
__Hbank4                   bank4        000000
__Hbank5                   bank5        000000
__Hbank6                   bank6        000000
__Hbank7                   bank7        000000
__Hbank8                   bank8        000000
__Hbank9                   bank9        000000
__Hbigbss                  bigbss       000000
__Hbigdata                 bigdata      000000
__Hbigram                  bigram       000000
__Hbigsfr                  bigsfr       000000
__Hbss                     bss          000000
__HbssCOMRAM               bssCOMRAM    000000
__Hcinit                   cinit        000000
__Hclrtext                 clrtext      000000
__Hcomram                  comram       000000
__Hconfig                  config       30000E
__Hconst                   const        000000
__HcstackCOMRAM            cstackCOMRAM 000000
__Hdata                    data         000000
__HdataCOMRAM              dataCOMRAM   000000
__Heeprom_data             eeprom_data  000000
__Hfarbss                  farbss       000000
__Hfardata                 fardata      000000
__Hheap                    heap         000000
__Hibigdata                ibigdata     000000
__Hidata                   idata        000000
__HidataCOMRAM             idataCOMRAM  000000
__Hidloc                   idloc        000000
__Hifardata                ifardata     000000
__Hinit                    init         010000
__Hintcode                 intcode      000008
__Hintcode_body            intcode_body 000000
__Hintcodelo               intcodelo    000018
__Hintentry                intentry     000000
__Hintret                  intret       000000
__Hintsave_regs            intsave_regs 000000
__Hirdata                  irdata       000000
__Hmediumconst             mediumconst  000000
__HnvFARRAM                nvFARRAM     000000
__Hnvbit                   nvbit        000000
__Hnvrram                  nvrram       000000
__Hparam                   rparam       000000
__Hpowerup                 powerup      000000
__Hram                     ram          000000
__Hramtop                  ramtop       001000
__Hrbit                    rbit         000000
__Hrbss                    rbss         000000
__Hrdata                   rdata        000000
__Hreset_vec               reset_vec    000004
__Hrparam                  rparam       000000
__Hsfr                     sfr          000000
__Hsivt_hi                 sivt_hi      000000
__Hsivt_lo                 sivt_lo      000018
__Hsmallconst              smallconst   001002
__Hspace_0                 (abs)        010000
__Hspace_1                 (abs)        000031
__Hspace_2                 (abs)        000000
__Hspace_4                 (abs)        60000E
__Hstack                   stack        000000
__Hstruct                  struct       000000
__Htemp                    temp         000000
__Htext                    text         000000
__Htext0                   text0        000000
__Htext1                   text1        000000
__Htext10                  text10       000000
__Htext2                   text2        000000
__Htext3                   text3        000000
__Htext4                   text4        000000
__Htext5                   text5        000000
__Htext6                   text6        000000
__Htext7                   text7        000000
__Htext8                   text8        000000
__Htext9                   text9        000000
__LRAM                     (abs)        000001
__L__absolute__            __absolute__ 000000
__Labs1                    abs1         000000
__Lbank0                   bank0        000000
__Lbank1                   bank1        000000
__Lbank10                  bank10       000000
__Lbank11                  bank11       000000
__Lbank12                  bank12       000000
__Lbank13                  bank13       000000
__Lbank14                  bank14       000000
__Lbank15                  bank15       000000
__Lbank2                   bank2        000000
__Lbank3                   bank3        000000
__Lbank4                   bank4        000000
__Lbank5                   bank5        000000
__Lbank6                   bank6        000000
__Lbank7                   bank7        000000
__Lbank8                   bank8        000000
__Lbank9                   bank9        000000
__Lbigbss                  bigbss       000000
__Lbigdata                 bigdata      000000
__Lbigram                  bigram       000000
__Lbigsfr                  bigsfr       000000
__Lbss                     bss          000000
__LbssCOMRAM               bssCOMRAM    000000
__Lcinit                   cinit        000000
__Lclrtext                 clrtext      000000
__Lcomram                  comram       000000
__Lconfig                  config       000000
__Lconst                   const        000000
__LcstackCOMRAM            cstackCOMRAM 000000
__Ldata                    data         000000
__LdataCOMRAM              dataCOMRAM   000000
__Leeprom_data             eeprom_data  000000
__Lfarbss                  farbss       000000
__Lfardata                 fardata      000000
__Lheap                    heap         000000
__Libigdata                ibigdata     000000
__Lidata                   idata        000000
__LidataCOMRAM             idataCOMRAM  000000
__Lidloc                   idloc        000000
__Lifardata                ifardata     000000
__Linit                    init         00FFFC
__Lintcode                 intcode      000008
__Lintcode_body            intcode_body 000000
__Lintcodelo               intcodelo    000018
__Lintentry                intentry     000000
__Lintret                  intret       000000
__Lintsave_regs            intsave_regs 000000
__Lirdata                  irdata       000000
__Lmediumconst             mediumconst  000000
__LnvFARRAM                nvFARRAM     000000
__Lnvbit                   nvbit        000000
__Lnvrram                  nvrram       000000
__Lparam                   rparam       000000
__Lpowerup                 powerup      000000
__Lram                     ram          000000
__Lramtop                  ramtop       001000
__Lrbit                    rbit         000000
__Lrbss                    rbss         000000
__Lrdata                   rdata        000000
__Lreset_vec               reset_vec    000000
__Lrparam                  rparam       000000
__Lsfr                     sfr          000000
__Lsivt_hi                 sivt_hi      000000
__Lsivt_lo                 sivt_lo      000018
__Lsmallconst              smallconst   001000
__Lspace_0                 (abs)        000000
__Lspace_1                 (abs)        000000
__Lspace_2                 (abs)        000000
__Lspace_4                 (abs)        000000
__Lstack                   stack        000000
__Lstruct                  struct       000000
__Ltemp                    temp         000000
__Ltext                    text         000000
__Ltext0                   text0        000000
__Ltext1                   text1        000000
__Ltext10                  text10       000000
__Ltext2                   text2        000000
__Ltext3                   text3        000000
__Ltext4                   text4        000000
__Ltext5                   text5        000000
__Ltext6                   text6        000000
__Ltext7                   text7        000000
__Ltext8                   text8        000000
__Ltext9                   text9        000000
__S0                       (abs)        010000
__S1                       (abs)        000031
__S4                       (abs)        000000
__S5                       (abs)        000000
___heap_hi                 (abs)        000000
___heap_lo                 (abs)        000000
___inthi_sp                stack        000000
___inthi_stack_hi          stack        000000
___inthi_stack_lo          stack        000000
___intlo_sp                stack        000000
___intlo_stack_hi          stack        000000
___intlo_stack_lo          stack        000000
___param_bank              (abs)        000000
___rparam_used             (abs)        000001
___sp                      stack        000000
___stack_hi                stack        000000
___stack_lo                stack        000000
__accesstop                (abs)        000060
__activetblptr             (abs)        000000
__end_of_LCD_clear         text8        001434
__end_of_LCD_cursor_set    text5        00133E
__end_of_LCD_init          text7        001276
__end_of_LCD_pulse_clock   text10       001440
__end_of_LCD_write_command text9        0011FA
__end_of_LCD_write_data    text4        0010FE
__end_of_LCD_write_string  text3        0013A0
__end_of_UART1_Init        text6        0013CC
__end_of_UART1_Read        text2        001418
__end_of_UART1_Save_Buffer text1        0012DE
__end_of__initialization   cinit        0013F0
__end_of_main              text0        001370
__initialization           cinit        0013CC
__mediumconst              smallconst   001000
__pbssCOMRAM               bssCOMRAM    000001
__pcinit                   cinit        0013CC
__pcstackCOMRAM            cstackCOMRAM 000027
__pdataCOMRAM              dataCOMRAM   00002F
__pidataCOMRAM             idataCOMRAM  001440
__psmallconst              smallconst   001000
__ptext0                   text0        00133E
__ptext1                   text1        001276
__ptext10                  text10       001434
__ptext2                   text2        0013F6
__ptext3                   text3        001370
__ptext4                   text4        001002
__ptext5                   text5        0012DE
__ptext6                   text6        0013A0
__ptext7                   text7        0011FA
__ptext8                   text8        001418
__ptext9                   text9        0010FE
__ramtop                   ramtop       001000
__smallconst               smallconst   001000
_buffer                    bssCOMRAM    000007
_buffer_count              bssCOMRAM    000006
_main                      text0        00133E
end_of_initialization      cinit        0013F0
intlevel0                  text         000000
intlevel1                  text         000000
intlevel2                  text         000000
intlevel3                  text         000000
isa$std                    (abs)        000001
isa$xinst                  (abs)        000000
stackhi                    (abs)        000000
stacklo                    (abs)        000000
start                      init         00FFFC
start_initialization       cinit        0013CC


MODULE INFORMATION

Module		Function		Class		Link	Load	Size
OBCII_PIC18F46K22.c
		_main          		CODE           	133E	0000	50
		_UART1_Init    		CODE           	13A0	0000	44
		_UART1_Save_Buffer		CODE           	1276	0000	104
		_UART1_Read    		CODE           	13F6	0000	34

OBCII_PIC18F46K22.c estimated size: 232

shared
		__initialization		CODE           	13CC	0000	36

shared estimated size: 36

LCD.c
		_LCD_clear     		CODE           	1418	0000	28
		_LCD_cursor_set		CODE           	12DE	0000	96
		_LCD_write_string		CODE           	1370	0000	48
		_LCD_write_command		CODE           	10FE	0000	252
		_LCD_init      		CODE           	11FA	0000	124
		_LCD_write_data		CODE           	1002	0000	252
		_LCD_pulse_clock		CODE           	1434	0000	12

LCD.c estimated size: 812

